Vivado Simulator v2023.2
Copyright 1986-2022 Xilinx, Inc. All Rights Reserved.
Copyright 2022-2023 Advanced Micro Devices, Inc. All Rights Reserved.
Running: C:/Xilinx/Vivado/2023.2/bin/unwrapped/win64.o/xelab.exe --incr --debug typical --relax --mt 2 -L xil_defaultlib -L uvm -L unisims_ver -L unimacro_ver -L secureip --snapshot tb_top_cpu_behav xil_defaultlib.tb_top_cpu xil_defaultlib.glbl -log elaborate.log 
Using 2 slave threads.
Starting static elaboration
Pass Through NonSizing Optimizer
Completed static elaboration
Starting simulation data flow analysis
Completed simulation data flow analysis
Time Resolution for simulation is 1ps
Compiling module xil_defaultlib.mux21(DATA_BIT=12)
Compiling module xil_defaultlib.pc(ADDR_BIT=12)
Compiling module xil_defaultlib.adder21(ADDR_BIT=12)
Compiling module xil_defaultlib.if_id(ADDR_BIT=12)
Compiling module xil_defaultlib.shift_left(ADDR_BIT=26)
Compiling module xil_defaultlib.inst_decoder(DATA_BIT=32,OPCODE_...
Compiling module xil_defaultlib.ctr_unit(DATA_BIT=32,OPCODE_BIT=...
Compiling module xil_defaultlib.mux21(DATA_BIT=5)
Compiling module xil_defaultlib.registers(DATA_BIT=32,REG_BIT=5)
Compiling module xil_defaultlib.sign_extend
Compiling module xil_defaultlib.id_ex(ADDR_BIT=12)
Compiling module xil_defaultlib.shift_left(ADDR_BIT=32)
Compiling module xil_defaultlib.adder21(ADDR_BIT=32)
Compiling module xil_defaultlib.alu_ctr
Compiling module xil_defaultlib.mux21(DATA_BIT=32)
Compiling module xil_defaultlib.alu(DATA_BIT=32)
Compiling module xil_defaultlib.mul_div_unit(DATA_BIT=32)
Compiling module xil_defaultlib.ex_mem(ADDR_BIT=12,DATA_BIT=32)
Compiling module xil_defaultlib.mem_wb(ADDR_BIT=12)
Compiling module xil_defaultlib.top_cpu(ADDR_BIT=12)
Compiling module xil_defaultlib.DRAM(ADDR_SIZE=12)
Compiling module xil_defaultlib.tb_top_cpu
Compiling module xil_defaultlib.glbl
Built simulation snapshot tb_top_cpu_behav
