INFO: [VRFC 10-2263] Analyzing SystemVerilog file "V:/SoC_Design/RTL/memory/DRAM.sv" into library xil_defaultlib
INFO: [VRFC 10-311] analyzing module DRAM
INFO: [VRFC 10-2263] Analyzing SystemVerilog file "V:/SoC_Design/RTL/core/adder.sv" into library xil_defaultlib
INFO: [VRFC 10-311] analyzing module adder21
INFO: [VRFC 10-2263] Analyzing SystemVerilog file "V:/SoC_Design/RTL/core/alu.sv" into library xil_defaultlib
INFO: [VRFC 10-311] analyzing module alu
INFO: [VRFC 10-2263] Analyzing SystemVerilog file "V:/SoC_Design/RTL/core/alu_ctr.sv" into library xil_defaultlib
INFO: [VRFC 10-311] analyzing module alu_ctr
INFO: [VRFC 10-2263] Analyzing SystemVerilog file "V:/SoC_Design/RTL/core/bridge.sv" into library xil_defaultlib
INFO: [VRFC 10-311] analyzing module if_id
INFO: [VRFC 10-311] analyzing module id_ex
INFO: [VRFC 10-311] analyzing module ex_mem
INFO: [VRFC 10-311] analyzing module mem_wb
INFO: [VRFC 10-2263] Analyzing SystemVerilog file "V:/SoC_Design/RTL/core/ctr_unit.sv" into library xil_defaultlib
INFO: [VRFC 10-311] analyzing module ctr_unit
INFO: [VRFC 10-2263] Analyzing SystemVerilog file "V:/SoC_Design/RTL/core/inst_decoder.sv" into library xil_defaultlib
INFO: [VRFC 10-311] analyzing module inst_decoder
INFO: [VRFC 10-2263] Analyzing SystemVerilog file "V:/SoC_Design/RTL/core/mul_div_unit.sv" into library xil_defaultlib
INFO: [VRFC 10-311] analyzing module mul_div_unit
INFO: [VRFC 10-2263] Analyzing SystemVerilog file "V:/SoC_Design/RTL/core/mux.sv" into library xil_defaultlib
INFO: [VRFC 10-311] analyzing module mux21
INFO: [VRFC 10-2263] Analyzing SystemVerilog file "V:/SoC_Design/RTL/core/pc.sv" into library xil_defaultlib
INFO: [VRFC 10-311] analyzing module pc
INFO: [VRFC 10-2263] Analyzing SystemVerilog file "V:/SoC_Design/RTL/core/registers.sv" into library xil_defaultlib
INFO: [VRFC 10-311] analyzing module registers
INFO: [VRFC 10-2263] Analyzing SystemVerilog file "V:/SoC_Design/RTL/core/shift_left.sv" into library xil_defaultlib
INFO: [VRFC 10-311] analyzing module shift_left
INFO: [VRFC 10-2263] Analyzing SystemVerilog file "V:/SoC_Design/RTL/core/sign_extend.sv" into library xil_defaultlib
INFO: [VRFC 10-311] analyzing module sign_extend
INFO: [VRFC 10-2263] Analyzing SystemVerilog file "V:/SoC_Design/RTL/core/top_cpu.sv" into library xil_defaultlib
INFO: [VRFC 10-311] analyzing module top_cpu
INFO: [VRFC 10-2263] Analyzing SystemVerilog file "V:/SoC_Design/SIM/tb_top_cpu.sv" into library xil_defaultlib
INFO: [VRFC 10-311] analyzing module tb_top_cpu
