#-----------------------------------------------------------
# Vivado v2023.2 (64-bit)
# SW Build 4029153 on Fri Oct 13 20:14:34 MDT 2023
# IP Build 4028589 on Sat Oct 14 00:45:43 MDT 2023
# SharedData Build 4025554 on Tue Oct 10 17:18:54 MDT 2023
# Start of session at: Sun Apr 26 15:30:33 2026
# Process ID: 19784
# Current directory: V:/SoC_Design/SoC_Design
# Command line: vivado.exe -gui_launcher_event rodinguilauncherevent29164 V:\SoC_Design\SoC_Design\SoC_Design.xpr
# Log file: V:/SoC_Design/SoC_Design/vivado.log
# Journal file: V:/SoC_Design/SoC_Design\vivado.jou
# Running On: LAPTOP-3K39264L, OS: Windows, CPU Frequency: 2419 MHz, CPU Physical cores: 4, Host memory: 8299 MB
#-----------------------------------------------------------
start_gui
open_project V:/SoC_Design/SoC_Design/SoC_Design.xpr
WARNING: [Board 49-26] cannot add Board Part xilinx.com:vek280_es:part0:1.0 available at C:/Xilinx/Vivado/2023.2/data/xhub/boards/XilinxBoardStore/boards/Xilinx/vek280/es/rev_a/1.0/board.xml as part xcve2802-vsvh1760-2lp-e-s-es1 specified in board_part file is either invalid or not available
WARNING: [Board 49-26] cannot add Board Part xilinx.com:vek280_es:part0:1.1 available at C:/Xilinx/Vivado/2023.2/data/xhub/boards/XilinxBoardStore/boards/Xilinx/vek280/es/rev_a/1.1/board.xml as part xcve2802-vsvh1760-2lp-e-s-es1 specified in board_part file is either invalid or not available
WARNING: [Board 49-26] cannot add Board Part xilinx.com:vek280_es_revb:part0:1.0 available at C:/Xilinx/Vivado/2023.2/data/xhub/boards/XilinxBoardStore/boards/Xilinx/vek280/es/rev_b/1.0/board.xml as part xcve2802-vsvh1760-2mp-e-s-es1 specified in board_part file is either invalid or not available
WARNING: [Board 49-26] cannot add Board Part xilinx.com:vek280_es_revb:part0:1.1 available at C:/Xilinx/Vivado/2023.2/data/xhub/boards/XilinxBoardStore/boards/Xilinx/vek280/es/rev_b/1.1/board.xml as part xcve2802-vsvh1760-2mp-e-s-es1 specified in board_part file is either invalid or not available
WARNING: [Board 49-26] cannot add Board Part xilinx.com:vhk158_es:part0:1.0 available at C:/Xilinx/Vivado/2023.2/data/xhub/boards/XilinxBoardStore/boards/Xilinx/vhk158/es/1.0/board.xml as part xcvh1582-vsva3697-2mp-e-s-es1 specified in board_part file is either invalid or not available
WARNING: [Board 49-26] cannot add Board Part xilinx.com:vhk158_es:part0:1.1 available at C:/Xilinx/Vivado/2023.2/data/xhub/boards/XilinxBoardStore/boards/Xilinx/vhk158/es/1.1/board.xml as part xcvh1582-vsva3697-2mp-e-s-es1 specified in board_part file is either invalid or not available
WARNING: [Board 49-26] cannot add Board Part xilinx.com:zcu208ld:part0:2.0 available at C:/Xilinx/Vivado/2023.2/data/xhub/boards/XilinxBoardStore/boards/Xilinx/zcu208ld/production/2.0/board.xml as part xczu58dr-fsvg1517-2-i specified in board_part file is either invalid or not available
WARNING: [Board 49-26] cannot add Board Part xilinx.com:zcu216ld:part0:2.0 available at C:/Xilinx/Vivado/2023.2/data/xhub/boards/XilinxBoardStore/boards/Xilinx/zcu216ld/production/2.0/board.xml as part xczu59dr-ffvf1760-2-i specified in board_part file is either invalid or not available
WARNING: [Board 49-26] cannot add Board Part xilinx.com:zcu670:part0:2.0 available at C:/Xilinx/Vivado/2023.2/data/xhub/boards/XilinxBoardStore/boards/Xilinx/zcu670/2.0/board.xml as part xczu67dr-fsve1156-2-i specified in board_part file is either invalid or not available
WARNING: [Board 49-26] cannot add Board Part xilinx.com:zcu670ld:part0:1.0 available at C:/Xilinx/Vivado/2023.2/data/xhub/boards/XilinxBoardStore/boards/Xilinx/zcu670ld/1.0/board.xml as part xczu57dr-fsve1156-2-i specified in board_part file is either invalid or not available
INFO: [filemgmt 56-3] Default IP Output Path : Could not find the directory 'V:/SoC_Design/SoC_Design/SoC_Design.gen/sources_1'.
Scanning sources...
Finished scanning sources
INFO: [IP_Flow 19-234] Refreshing IP repositories
INFO: [IP_Flow 19-1704] No user IP repositories specified
INFO: [IP_Flow 19-2313] Loaded Vivado IP repository 'C:/Xilinx/Vivado/2023.2/data/ip'.
open_project: Time (s): cpu = 00:00:24 ; elapsed = 00:00:13 . Memory (MB): peak = 1523.344 ; gain = 343.715
update_compile_order -fileset sources_1
update_compile_order -fileset sim_1
set_property SOURCE_SET sources_1 [get_filesets sim_1]
add_files -fileset sim_1 -norecurse V:/SoC_Design/SIM/tb_top_cpu.sv
WARNING: [filemgmt 56-199] Attempt to get parsing info during refresh. "On-the-fly" syntax checking information may be incorrect. [V:\SoC_Design\RTL\core\top_cpu.sv:]
WARNING: [filemgmt 56-199] Attempt to get parsing info during refresh. "On-the-fly" syntax checking information may be incorrect. [V:\SoC_Design\RTL\top.sv:]
ERROR: [Common 17-180] Spawn failed: No error
update_compile_order -fileset sim_1
WARNING: [filemgmt 56-199] Attempt to get parsing info during refresh. "On-the-fly" syntax checking information may be incorrect. [V:\SoC_Design\RTL\core\top_cpu.sv:]
WARNING: [filemgmt 56-199] Attempt to get parsing info during refresh. "On-the-fly" syntax checking information may be incorrect. [V:\SoC_Design\RTL\top.sv:]
ERROR: [Common 17-180] Spawn failed: No error
WARNING: [filemgmt 56-199] Attempt to get parsing info during refresh. "On-the-fly" syntax checking information may be incorrect. [V:\SoC_Design\SIM\tb_top_cpu.sv:]
WARNING: [filemgmt 56-199] Attempt to get parsing info during refresh. "On-the-fly" syntax checking information may be incorrect. [V:\SoC_Design\RTL\core\top_cpu.sv:]
WARNING: [filemgmt 56-199] Attempt to get parsing info during refresh. "On-the-fly" syntax checking information may be incorrect. [V:\SoC_Design\RTL\top.sv:]
WARNING: [filemgmt 56-199] Attempt to get parsing info during refresh. "On-the-fly" syntax checking information may be incorrect. [V:\SoC_Design\SIM\tb_top_cpu.sv:]
WARNING: [filemgmt 56-199] Attempt to get parsing info during refresh. "On-the-fly" syntax checking information may be incorrect. [V:\SoC_Design\RTL\core\top_cpu.sv:]
WARNING: [filemgmt 56-199] Attempt to get parsing info during refresh. "On-the-fly" syntax checking information may be incorrect. [V:\SoC_Design\RTL\top.sv:]
ERROR: [Common 17-180] Spawn failed: No error
export_ip_user_files -of_objects  [get_files V:/SoC_Design/SIM/CPU_TOP_tb.sv] -no_script -reset -force -quiet
remove_files  -fileset sim_1 V:/SoC_Design/SIM/CPU_TOP_tb.sv
WARNING: [filemgmt 56-199] Attempt to get parsing info during refresh. "On-the-fly" syntax checking information may be incorrect. [V:\SoC_Design\SIM\tb_top_cpu.sv:]
WARNING: [filemgmt 56-199] Attempt to get parsing info during refresh. "On-the-fly" syntax checking information may be incorrect. [V:\SoC_Design\RTL\core\top_cpu.sv:]
WARNING: [filemgmt 56-199] Attempt to get parsing info during refresh. "On-the-fly" syntax checking information may be incorrect. [V:\SoC_Design\RTL\top.sv:]
WARNING: [filemgmt 56-199] Attempt to get parsing info during refresh. "On-the-fly" syntax checking information may be incorrect. [V:\SoC_Design\SIM\tb_top_cpu.sv:]
WARNING: [filemgmt 56-199] Attempt to get parsing info during refresh. "On-the-fly" syntax checking information may be incorrect. [V:\SoC_Design\RTL\core\top_cpu.sv:]
WARNING: [filemgmt 56-199] Attempt to get parsing info during refresh. "On-the-fly" syntax checking information may be incorrect. [V:\SoC_Design\RTL\top.sv:]
ERROR: [Common 17-180] Spawn failed: No error
launch_simulation
Command: launch_simulation 
INFO: [Vivado 12-12493] Simulation top is 'top'
WARNING: [Vivado 12-13340] Unable to auto find GCC executables from simulator install path! (path not set)
INFO: [Vivado 12-5682] Launching behavioral simulation in 'V:/SoC_Design/SoC_Design/SoC_Design.sim/sim_1/behav/xsim'
INFO: [SIM-utils-51] Simulation object is 'sim_1'
INFO: [SIM-utils-72] Using boost library from 'C:/Xilinx/Vivado/2023.2/tps/boost_1_72_0'
INFO: [SIM-utils-54] Inspecting design source files for 'top' in fileset 'sim_1'...
INFO: [USF-XSim-97] Finding global include files...
INFO: [USF-XSim-98] Fetching design files from 'sim_1'...
INFO: [USF-XSim-2] XSim::Compile design
INFO: [USF-XSim-61] Executing 'COMPILE and ANALYZE' step in 'V:/SoC_Design/SoC_Design/SoC_Design.sim/sim_1/behav/xsim'
"xvlog --incr --relax -L uvm -prj top_vlog.prj"
INFO: [VRFC 10-2263] Analyzing SystemVerilog file "V:/SoC_Design/RTL/memory/DRAM.sv" into library xil_defaultlib
INFO: [VRFC 10-311] analyzing module DRAM
INFO: [VRFC 10-2263] Analyzing SystemVerilog file "V:/SoC_Design/RTL/core/adder.sv" into library xil_defaultlib
INFO: [VRFC 10-311] analyzing module adder21
INFO: [VRFC 10-2263] Analyzing SystemVerilog file "V:/SoC_Design/RTL/core/alu.sv" into library xil_defaultlib
INFO: [VRFC 10-311] analyzing module alu
INFO: [VRFC 10-2263] Analyzing SystemVerilog file "V:/SoC_Design/RTL/core/alu_ctr.sv" into library xil_defaultlib
INFO: [VRFC 10-311] analyzing module alu_ctr
INFO: [VRFC 10-2263] Analyzing SystemVerilog file "V:/SoC_Design/RTL/peripheral/cmu/apll.sv" into library xil_defaultlib
INFO: [VRFC 10-311] analyzing module apll
INFO: [VRFC 10-2263] Analyzing SystemVerilog file "V:/SoC_Design/RTL/peripheral/cmu/clk_sfr_ctrl.sv" into library xil_defaultlib
INFO: [VRFC 10-311] analyzing module clk_sfr_ctrl
INFO: [VRFC 10-2263] Analyzing SystemVerilog file "V:/SoC_Design/RTL/peripheral/cpu_cmu_arbiter/cpu_cmu_arbiter.sv" into library xil_defaultlib
INFO: [VRFC 10-311] analyzing module cpu_cmu_arbiter
INFO: [VRFC 10-2263] Analyzing SystemVerilog file "V:/SoC_Design/RTL/core/ctr_unit.sv" into library xil_defaultlib
INFO: [VRFC 10-311] analyzing module ctr_unit
INFO: [VRFC 10-2263] Analyzing SystemVerilog file "V:/SoC_Design/RTL/core/forward_unit.sv" into library xil_defaultlib
INFO: [VRFC 10-311] analyzing module lw_flag_unit
INFO: [VRFC 10-311] analyzing module rd_buffer
INFO: [VRFC 10-2263] Analyzing SystemVerilog file "V:/SoC_Design/RTL/core/inst_decoder.sv" into library xil_defaultlib
INFO: [VRFC 10-311] analyzing module inst_decoder
INFO: [VRFC 10-2263] Analyzing SystemVerilog file "V:/SoC_Design/RTL/core/mul_div_unit.sv" into library xil_defaultlib
INFO: [VRFC 10-311] analyzing module mul_div_unit
INFO: [VRFC 10-2263] Analyzing SystemVerilog file "V:/SoC_Design/RTL/core/mux.sv" into library xil_defaultlib
INFO: [VRFC 10-311] analyzing module mux21
INFO: [VRFC 10-2263] Analyzing SystemVerilog file "V:/SoC_Design/RTL/core/pc.sv" into library xil_defaultlib
INFO: [VRFC 10-311] analyzing module pc
INFO: [VRFC 10-2263] Analyzing SystemVerilog file "V:/SoC_Design/RTL/core/registers.sv" into library xil_defaultlib
INFO: [VRFC 10-311] analyzing module registers
INFO: [VRFC 10-2263] Analyzing SystemVerilog file "V:/SoC_Design/RTL/core/shift_left.sv" into library xil_defaultlib
INFO: [VRFC 10-311] analyzing module shift_left
INFO: [VRFC 10-2263] Analyzing SystemVerilog file "V:/SoC_Design/RTL/core/sign_extend.sv" into library xil_defaultlib
INFO: [VRFC 10-311] analyzing module sign_extend
INFO: [VRFC 10-2263] Analyzing SystemVerilog file "V:/SoC_Design/RTL/peripheral/cmu/top_cmu.sv" into library xil_defaultlib
INFO: [VRFC 10-311] analyzing module top_cmu
INFO: [VRFC 10-2263] Analyzing SystemVerilog file "V:/SoC_Design/RTL/core/top_cpu.sv" into library xil_defaultlib
INFO: [VRFC 10-311] analyzing module top_cpu
INFO: [VRFC 10-2263] Analyzing SystemVerilog file "V:/SoC_Design/RTL/peripheral/cpu_cmu_arbiter/top_cpu_cmu_arbiter.sv" into library xil_defaultlib
INFO: [VRFC 10-311] analyzing module top_cpu_cmu_arbiter
INFO: [VRFC 10-2263] Analyzing SystemVerilog file "V:/SoC_Design/RTL/top.sv" into library xil_defaultlib
INFO: [VRFC 10-311] analyzing module top
INFO: [USF-XSim-69] 'compile' step finished in '4' seconds
INFO: [USF-XSim-3] XSim::Elaborate design
INFO: [USF-XSim-61] Executing 'ELABORATE' step in 'V:/SoC_Design/SoC_Design/SoC_Design.sim/sim_1/behav/xsim'
"xelab --incr --debug typical --relax --mt 2 -L xil_defaultlib -L uvm -L unisims_ver -L unimacro_ver -L secureip --snapshot top_behav xil_defaultlib.top xil_defaultlib.glbl -log elaborate.log"
Vivado Simulator v2023.2
Copyright 1986-2022 Xilinx, Inc. All Rights Reserved.
Copyright 2022-2023 Advanced Micro Devices, Inc. All Rights Reserved.
Running: C:/Xilinx/Vivado/2023.2/bin/unwrapped/win64.o/xelab.exe --incr --debug typical --relax --mt 2 -L xil_defaultlib -L uvm -L unisims_ver -L unimacro_ver -L secureip --snapshot top_behav xil_defaultlib.top xil_defaultlib.glbl -log elaborate.log 
Using 2 slave threads.
Starting static elaboration
Pass Through NonSizing Optimizer
WARNING: [VRFC 10-2861] module 'DRAM' does not have a parameter named ADDR_BIT [V:/SoC_Design/RTL/top.sv:35]
WARNING: [VRFC 10-2861] module 'DRAM' does not have a parameter named DATA_BIT [V:/SoC_Design/RTL/top.sv:36]
WARNING: [VRFC 10-2861] module 'DRAM' does not have a parameter named ADDR_BIT [V:/SoC_Design/RTL/top.sv:104]
WARNING: [VRFC 10-2861] module 'DRAM' does not have a parameter named DATA_BIT [V:/SoC_Design/RTL/top.sv:105]
ERROR: [VRFC 10-3180] cannot find port 'o_data_mem_data' on this module [V:/SoC_Design/RTL/top.sv:77]
ERROR: [VRFC 10-3180] cannot find port 'o_mem_addr' on this module [V:/SoC_Design/RTL/top.sv:76]
ERROR: [VRFC 10-3180] cannot find port 'o_mem_wren' on this module [V:/SoC_Design/RTL/top.sv:75]
ERROR: [VRFC 10-3180] cannot find port 'o_mem_en' on this module [V:/SoC_Design/RTL/top.sv:74]
ERROR: [VRFC 10-3180] cannot find port 'i_mem_data' on this module [V:/SoC_Design/RTL/top.sv:73]
ERROR: [VRFC 10-3180] cannot find port 'i_start_flag' on this module [V:/SoC_Design/RTL/top.sv:72]
ERROR: [VRFC 10-8530] module 'DRAM_default' is ignored due to previous errors [V:/SoC_Design/RTL/memory/DRAM.sv:2]
ERROR: [VRFC 10-8530] module 'top_cpu_default' is ignored due to previous errors [V:/SoC_Design/RTL/core/top_cpu.sv:2]
ERROR: [VRFC 10-8530] module 'mux21(DATA_BIT=8)' is ignored due to previous errors [V:/SoC_Design/RTL/core/mux.sv:2]
ERROR: [VRFC 10-8530] module 'adder21(ADDR_BIT=32)' is ignored due to previous errors [V:/SoC_Design/RTL/core/adder.sv:3]
ERROR: [VRFC 10-8530] module 'shift_left(ADDR_BIT=26)' is ignored due to previous errors [V:/SoC_Design/RTL/core/shift_left.sv:3]
ERROR: [VRFC 10-8530] module 'inst_decoder(DATA_BIT=32,OPCODE_BIT=6,REG_BIT=5)' is ignored due to previous errors [V:/SoC_Design/RTL/core/inst_decoder.sv:2]
ERROR: [VRFC 10-8530] module 'ctr_unit(DATA_BIT=32,OPCODE_BIT=6)' is ignored due to previous errors [V:/SoC_Design/RTL/core/ctr_unit.sv:6]
ERROR: [VRFC 10-8530] module 'registers(DATA_BIT=32,REG_BIT=5)' is ignored due to previous errors [V:/SoC_Design/RTL/core/registers.sv:2]
ERROR: [VRFC 10-8530] module 'alu(DATA_BIT=32)' is ignored due to previous errors [V:/SoC_Design/RTL/core/alu.sv:3]
ERROR: [VRFC 10-8530] module 'mul_div_unit(DATA_BIT=32)' is ignored due to previous errors [V:/SoC_Design/RTL/core/mul_div_unit.sv:3]
ERROR: [VRFC 10-8530] module 'rd_buffer(REG_BIT=5)' is ignored due to previous errors [V:/SoC_Design/RTL/core/forward_unit.sv:58]
ERROR: [XSIM 43-3322] Static elaboration of top level Verilog design unit(s) in library work failed.
INFO: [USF-XSim-69] 'elaborate' step finished in '3' seconds
INFO: [USF-XSim-99] Step results log file:'V:/SoC_Design/SoC_Design/SoC_Design.sim/sim_1/behav/xsim/elaborate.log'
ERROR: [USF-XSim-62] 'elaborate' step failed with error(s). Please check the Tcl console output or 'V:/SoC_Design/SoC_Design/SoC_Design.sim/sim_1/behav/xsim/elaborate.log' file for more information.
ERROR: [Vivado 12-4473] Detected error while running simulation. Please correct the issue and retry this operation.
launch_simulation: Time (s): cpu = 00:00:01 ; elapsed = 00:00:08 . Memory (MB): peak = 1587.145 ; gain = 16.133
ERROR: [Common 17-39] 'launch_simulation' failed due to earlier errors.
set_property is_enabled false [get_files  V:/SoC_Design/RTL/top.sv]
update_compile_order -fileset sim_1
update_compile_order -fileset sources_1
update_compile_order -fileset sources_1
update_compile_order -fileset sim_1
set_property is_enabled false [get_files  V:/SoC_Design/RTL/peripheral/cpu_cmu_arbiter/top_cpu_cmu_arbiter.sv]
update_compile_order -fileset sim_1
set_property is_enabled false [get_files  V:/SoC_Design/RTL/peripheral/cmu/top_cmu.sv]
launch_simulation
Command: launch_simulation 
INFO: [Vivado 12-12493] Simulation top is 'tb_top_cpu'
WARNING: [Vivado 12-13340] Unable to auto find GCC executables from simulator install path! (path not set)
INFO: [Vivado 12-5682] Launching behavioral simulation in 'V:/SoC_Design/SoC_Design/SoC_Design.sim/sim_1/behav/xsim'
INFO: [SIM-utils-51] Simulation object is 'sim_1'
INFO: [SIM-utils-72] Using boost library from 'C:/Xilinx/Vivado/2023.2/tps/boost_1_72_0'
INFO: [SIM-utils-54] Inspecting design source files for 'tb_top_cpu' in fileset 'sim_1'...
INFO: [USF-XSim-97] Finding global include files...
INFO: [USF-XSim-98] Fetching design files from 'sim_1'...
INFO: [USF-XSim-2] XSim::Compile design
INFO: [USF-XSim-61] Executing 'COMPILE and ANALYZE' step in 'V:/SoC_Design/SoC_Design/SoC_Design.sim/sim_1/behav/xsim'
"xvlog --incr --relax -L uvm -prj tb_top_cpu_vlog.prj"
INFO: [VRFC 10-2263] Analyzing SystemVerilog file "V:/SoC_Design/SIM/tb_top_cpu.sv" into library xil_defaultlib
INFO: [VRFC 10-311] analyzing module tb_top_cpu
INFO: [USF-XSim-69] 'compile' step finished in '2' seconds
INFO: [USF-XSim-3] XSim::Elaborate design
INFO: [USF-XSim-61] Executing 'ELABORATE' step in 'V:/SoC_Design/SoC_Design/SoC_Design.sim/sim_1/behav/xsim'
"xelab --incr --debug typical --relax --mt 2 -L xil_defaultlib -L uvm -L unisims_ver -L unimacro_ver -L secureip --snapshot tb_top_cpu_behav xil_defaultlib.tb_top_cpu xil_defaultlib.glbl -log elaborate.log"
Vivado Simulator v2023.2
Copyright 1986-2022 Xilinx, Inc. All Rights Reserved.
Copyright 2022-2023 Advanced Micro Devices, Inc. All Rights Reserved.
Running: C:/Xilinx/Vivado/2023.2/bin/unwrapped/win64.o/xelab.exe --incr --debug typical --relax --mt 2 -L xil_defaultlib -L uvm -L unisims_ver -L unimacro_ver -L secureip --snapshot tb_top_cpu_behav xil_defaultlib.tb_top_cpu xil_defaultlib.glbl -log elaborate.log 
Using 2 slave threads.
Starting static elaboration
Pass Through NonSizing Optimizer
Completed static elaboration
Starting simulation data flow analysis
Completed simulation data flow analysis
Time Resolution for simulation is 1ps
Compiling module xil_defaultlib.pc(ADDR_BIT=12)
Compiling module xil_defaultlib.adder21(ADDR_BIT=12)
Compiling module xil_defaultlib.shift_left(ADDR_BIT=26)
Compiling module xil_defaultlib.shift_left(ADDR_BIT=32)
Compiling module xil_defaultlib.adder21(ADDR_BIT=32)
Compiling module xil_defaultlib.inst_decoder(DATA_BIT=32,OPCODE_...
Compiling module xil_defaultlib.ctr_unit(DATA_BIT=32,OPCODE_BIT=...
Compiling module xil_defaultlib.alu_ctr
Compiling module xil_defaultlib.sign_extend
Compiling module xil_defaultlib.mux21(DATA_BIT=5)
Compiling module xil_defaultlib.registers(DATA_BIT=32,REG_BIT=5)
Compiling module xil_defaultlib.mux21(DATA_BIT=32)
Compiling module xil_defaultlib.alu(DATA_BIT=32)
Compiling module xil_defaultlib.mul_div_unit(DATA_BIT=32)
Compiling module xil_defaultlib.mux21(DATA_BIT=12)
Compiling module xil_defaultlib.lw_flag_unit
Compiling module xil_defaultlib.rd_buffer(REG_BIT=5)
Compiling module xil_defaultlib.top_cpu(ADDR_BIT=12)
Compiling module xil_defaultlib.DRAM(ADDR_SIZE=12)
Compiling module xil_defaultlib.tb_top_cpu
Compiling module xil_defaultlib.glbl
Built simulation snapshot tb_top_cpu_behav
INFO: [USF-XSim-69] 'elaborate' step finished in '4' seconds
INFO: [USF-XSim-4] XSim::Simulate design
INFO: [USF-XSim-61] Executing 'SIMULATE' step in 'V:/SoC_Design/SoC_Design/SoC_Design.sim/sim_1/behav/xsim'
INFO: [USF-XSim-98] *** Running xsim
   with args "tb_top_cpu_behav -key {Behavioral:sim_1:Functional:tb_top_cpu} -tclbatch {tb_top_cpu.tcl} -view {V:/SoC_Design/SoC_Design/CPU_TOP_tb_behav.wcfg} -log {simulate.log}"
INFO: [USF-XSim-8] Loading simulator feature
Time resolution is 1 ps
open_wave_config V:/SoC_Design/SoC_Design/CPU_TOP_tb_behav.wcfg
WARNING: Simulation object /CPU_TOP_tb/clk was not found in the design.
WARNING: Simulation object /CPU_TOP_tb/rst_n was not found in the design.
WARNING: Simulation object /CPU_TOP_tb/u_inst_mem/i_en was not found in the design.
WARNING: Simulation object /CPU_TOP_tb/u_inst_mem/i_wren was not found in the design.
WARNING: Simulation object /CPU_TOP_tb/u_inst_mem/i_addr was not found in the design.
WARNING: Simulation object /CPU_TOP_tb/u_inst_mem/i_data was not found in the design.
WARNING: Simulation object /CPU_TOP_tb/u_inst_mem/r_data was not found in the design.
WARNING: Simulation object /CPU_TOP_tb/u_inst_mem/mem was not found in the design.
WARNING: Simulation object /CPU_TOP_tb/u_cpu_top/u_pc/i_n_mem_addr was not found in the design.
WARNING: Simulation object /CPU_TOP_tb/u_cpu_top/u_pc/o_mem_en was not found in the design.
WARNING: Simulation object /CPU_TOP_tb/u_cpu_top/u_pc/o_mem_addr was not found in the design.
WARNING: Simulation object /CPU_TOP_tb/u_cpu_top/u_addr_4_adder/i_i0 was not found in the design.
WARNING: Simulation object /CPU_TOP_tb/u_cpu_top/u_addr_4_adder/i_i1 was not found in the design.
WARNING: Simulation object /CPU_TOP_tb/u_cpu_top/u_addr_4_adder/o_o was not found in the design.
WARNING: Simulation object /CPU_TOP_tb/u_cpu_top/u_branch_addr_adder/i_i0 was not found in the design.
WARNING: Simulation object /CPU_TOP_tb/u_cpu_top/u_branch_addr_adder/i_i1 was not found in the design.
WARNING: Simulation object /CPU_TOP_tb/u_cpu_top/u_branch_addr_adder/o_o was not found in the design.
WARNING: Simulation object /CPU_TOP_tb/u_cpu_top/w_branch_mux_ctr was not found in the design.
WARNING: Simulation object /CPU_TOP_tb/u_cpu_top/u_branch_mux/i_ctr was not found in the design.
WARNING: Simulation object /CPU_TOP_tb/u_cpu_top/u_branch_mux/i_i0 was not found in the design.
WARNING: Simulation object /CPU_TOP_tb/u_cpu_top/u_branch_mux/i_i1 was not found in the design.
WARNING: Simulation object /CPU_TOP_tb/u_cpu_top/u_branch_mux/o_o was not found in the design.
WARNING: Simulation object /CPU_TOP_tb/u_cpu_top/u_jump_mux/i_ctr was not found in the design.
WARNING: Simulation object /CPU_TOP_tb/u_cpu_top/u_jump_mux/i_i0 was not found in the design.
WARNING: Simulation object /CPU_TOP_tb/u_cpu_top/u_jump_mux/i_i1 was not found in the design.
WARNING: Simulation object /CPU_TOP_tb/u_cpu_top/u_jump_mux/o_o was not found in the design.
WARNING: Simulation object /CPU_TOP_tb/u_cpu_top/i_mem_data[0] was not found in the design.
WARNING: Simulation object /CPU_TOP_tb/u_cpu_top/u_inst_decoder/o_opcode was not found in the design.
WARNING: Simulation object /CPU_TOP_tb/u_cpu_top/u_inst_decoder/o_rs was not found in the design.
WARNING: Simulation object /CPU_TOP_tb/u_cpu_top/u_inst_decoder/o_rt was not found in the design.
WARNING: Simulation object /CPU_TOP_tb/u_cpu_top/u_inst_decoder/o_rd was not found in the design.
WARNING: Simulation object /CPU_TOP_tb/u_cpu_top/u_inst_decoder/o_shamt was not found in the design.
WARNING: Simulation object /CPU_TOP_tb/u_cpu_top/u_inst_decoder/o_funct was not found in the design.
WARNING: Simulation object /CPU_TOP_tb/u_cpu_top/u_inst_decoder/o_const was not found in the design.
WARNING: Simulation object /CPU_TOP_tb/u_cpu_top/u_inst_decoder/o_jaddr was not found in the design.
WARNING: Simulation object /CPU_TOP_tb/u_cpu_top/u_control_unit/i_opcode was not found in the design.
WARNING: Simulation object /CPU_TOP_tb/u_cpu_top/u_control_unit/o_regdst was not found in the design.
WARNING: Simulation object /CPU_TOP_tb/u_cpu_top/u_control_unit/o_alusrc was not found in the design.
WARNING: Simulation object /CPU_TOP_tb/u_cpu_top/u_control_unit/o_memtoreg was not found in the design.
WARNING: Simulation object /CPU_TOP_tb/u_cpu_top/u_control_unit/o_regwrite was not found in the design.
WARNING: Simulation object /CPU_TOP_tb/u_cpu_top/u_control_unit/o_memread was not found in the design.
WARNING: Simulation object /CPU_TOP_tb/u_cpu_top/u_control_unit/o_memwrite was not found in the design.
WARNING: Simulation object /CPU_TOP_tb/u_cpu_top/u_control_unit/o_branch was not found in the design.
WARNING: Simulation object /CPU_TOP_tb/u_cpu_top/u_control_unit/o_aluop was not found in the design.
WARNING: Simulation object /CPU_TOP_tb/u_cpu_top/u_control_unit/o_jump was not found in the design.
WARNING: Simulation object /CPU_TOP_tb/u_cpu_top/u_control_unit/o_sign_extend was not found in the design.
WARNING: Simulation object /CPU_TOP_tb/u_cpu_top/u_control_unit/o_arbiter_req was not found in the design.
WARNING: Simulation object /CPU_TOP_tb/u_cpu_top/u_control_unit/i_arbiter_gnt was not found in the design.
WARNING: Simulation object /CPU_TOP_tb/u_cpu_top/u_registers/i_regwrite was not found in the design.
WARNING: Simulation object /CPU_TOP_tb/u_cpu_top/u_registers/i_rd_reg1 was not found in the design.
WARNING: Simulation object /CPU_TOP_tb/u_cpu_top/u_registers/i_rd_reg2 was not found in the design.
WARNING: Simulation object /CPU_TOP_tb/u_cpu_top/u_registers/i_wr_reg was not found in the design.
WARNING: Simulation object /CPU_TOP_tb/u_cpu_top/u_registers/i_wr_data was not found in the design.
WARNING: Simulation object /CPU_TOP_tb/u_cpu_top/u_registers/o_rd_data1 was not found in the design.
WARNING: Simulation object /CPU_TOP_tb/u_cpu_top/u_registers/o_rd_data2 was not found in the design.
WARNING: Simulation object /CPU_TOP_tb/u_cpu_top/u_registers/register was not found in the design.
WARNING: Simulation object /CPU_TOP_tb/u_cpu_top/u_registers/register[0] was not found in the design.
WARNING: Simulation object /CPU_TOP_tb/u_cpu_top/u_registers/register[1] was not found in the design.
WARNING: Simulation object /CPU_TOP_tb/u_cpu_top/u_registers/register[2] was not found in the design.
WARNING: Simulation object /CPU_TOP_tb/u_cpu_top/u_registers/register[3] was not found in the design.
WARNING: Simulation object /CPU_TOP_tb/u_cpu_top/u_registers/register[4] was not found in the design.
WARNING: Simulation object /CPU_TOP_tb/u_cpu_top/u_registers/register[5] was not found in the design.
WARNING: Simulation object /CPU_TOP_tb/u_cpu_top/u_registers/register[6] was not found in the design.
WARNING: Simulation object /CPU_TOP_tb/u_cpu_top/u_registers/register[7] was not found in the design.
WARNING: Simulation object /CPU_TOP_tb/u_cpu_top/u_registers/register[8] was not found in the design.
WARNING: Simulation object /CPU_TOP_tb/u_cpu_top/u_registers/register[9] was not found in the design.
WARNING: Simulation object /CPU_TOP_tb/u_cpu_top/u_registers/register[10] was not found in the design.
WARNING: Simulation object /CPU_TOP_tb/u_cpu_top/u_registers/register[11] was not found in the design.
WARNING: Simulation object /CPU_TOP_tb/u_cpu_top/u_registers/register[12] was not found in the design.
WARNING: Simulation object /CPU_TOP_tb/u_cpu_top/u_registers/register[13] was not found in the design.
WARNING: Simulation object /CPU_TOP_tb/u_cpu_top/u_registers/register[14] was not found in the design.
WARNING: Simulation object /CPU_TOP_tb/u_cpu_top/u_registers/register[15] was not found in the design.
WARNING: Simulation object /CPU_TOP_tb/u_cpu_top/u_registers/register[16] was not found in the design.
WARNING: Simulation object /CPU_TOP_tb/u_cpu_top/u_registers/register[17] was not found in the design.
WARNING: Simulation object /CPU_TOP_tb/u_cpu_top/u_registers/register[18] was not found in the design.
WARNING: Simulation object /CPU_TOP_tb/u_cpu_top/u_registers/register[19] was not found in the design.
WARNING: Simulation object /CPU_TOP_tb/u_cpu_top/u_registers/register[20] was not found in the design.
WARNING: Simulation object /CPU_TOP_tb/u_cpu_top/u_registers/register[21] was not found in the design.
WARNING: Simulation object /CPU_TOP_tb/u_cpu_top/u_registers/register[22] was not found in the design.
WARNING: Simulation object /CPU_TOP_tb/u_cpu_top/u_registers/register[23] was not found in the design.
WARNING: Simulation object /CPU_TOP_tb/u_cpu_top/u_registers/register[24] was not found in the design.
WARNING: Simulation object /CPU_TOP_tb/u_cpu_top/u_registers/register[25] was not found in the design.
WARNING: Simulation object /CPU_TOP_tb/u_cpu_top/u_registers/register[26] was not found in the design.
WARNING: Simulation object /CPU_TOP_tb/u_cpu_top/u_registers/register[27] was not found in the design.
WARNING: Simulation object /CPU_TOP_tb/u_cpu_top/u_registers/register[28] was not found in the design.
WARNING: Simulation object /CPU_TOP_tb/u_cpu_top/u_registers/register[29] was not found in the design.
WARNING: Simulation object /CPU_TOP_tb/u_cpu_top/u_registers/register[30] was not found in the design.
WARNING: Simulation object /CPU_TOP_tb/u_cpu_top/u_registers/register[31] was not found in the design.
WARNING: Simulation object /CPU_TOP_tb/u_cpu_top/u_alu_control/i_funct was not found in the design.
WARNING: Simulation object /CPU_TOP_tb/u_cpu_top/u_alu_control/o_aluop was not found in the design.
WARNING: Simulation object /CPU_TOP_tb/u_cpu_top/u_alu/clk was not found in the design.
WARNING: Simulation object /CPU_TOP_tb/u_cpu_top/u_alu/rst_n was not found in the design.
WARNING: Simulation object /CPU_TOP_tb/u_cpu_top/u_alu/i_in0 was not found in the design.
WARNING: Simulation object /CPU_TOP_tb/u_cpu_top/u_alu/i_in1 was not found in the design.
WARNING: Simulation object /CPU_TOP_tb/u_cpu_top/u_alu/i_carry was not found in the design.
WARNING: Simulation object /CPU_TOP_tb/u_cpu_top/u_alu/i_aluop was not found in the design.
WARNING: Simulation object /CPU_TOP_tb/u_cpu_top/u_alu/o_out was not found in the design.
WARNING: Simulation object /CPU_TOP_tb/u_cpu_top/u_alu/o_carry was not found in the design.
WARNING: Simulation object /CPU_TOP_tb/u_cpu_top/u_alu/o_zero was not found in the design.
WARNING: Simulation object /CPU_TOP_tb/u_cpu_top/u_mul_div_unit/i_in0 was not found in the design.
WARNING: Simulation object /CPU_TOP_tb/u_cpu_top/u_mul_div_unit/i_in1 was not found in the design.
WARNING: Simulation object /CPU_TOP_tb/u_cpu_top/u_mul_div_unit/i_aluop was not found in the design.
WARNING: Simulation object /CPU_TOP_tb/u_cpu_top/u_mul_div_unit/o_hi was not found in the design.
WARNING: Simulation object /CPU_TOP_tb/u_cpu_top/u_mul_div_unit/o_lo was not found in the design.
WARNING: Simulation object /CPU_TOP_tb/u_cpu_top/u_sing_extend/i_sign_extend was not found in the design.
WARNING: Simulation object /CPU_TOP_tb/u_cpu_top/u_sing_extend/i_const was not found in the design.
WARNING: Simulation object /CPU_TOP_tb/u_cpu_top/u_sing_extend/o_const was not found in the design.
WARNING: Simulation object /CPU_TOP_tb/u_data_mem/i_en was not found in the design.
WARNING: Simulation object /CPU_TOP_tb/u_data_mem/i_wren was not found in the design.
WARNING: Simulation object /CPU_TOP_tb/u_data_mem/i_addr was not found in the design.
WARNING: Simulation object /CPU_TOP_tb/u_data_mem/i_data was not found in the design.
WARNING: Simulation object /CPU_TOP_tb/u_data_mem/o_data was not found in the design.
WARNING: Simulation object /CPU_TOP_tb/u_data_mem/mem was not found in the design.
source tb_top_cpu.tcl
# set curr_wave [current_wave_config]
# if { [string length $curr_wave] == 0 } {
#   if { [llength [get_objects]] > 0} {
#     add_wave /
#     set_property needs_save false [current_wave_config]
#   } else {
#      send_msg_id Add_Wave-1 WARNING "No top level signals found. Simulator will start without a wave window. If you want to open a wave window go to 'File->New Waveform Configuration' or type 'create_wave_config' in the TCL console."
#   }
# }
# run 1000ns
INFO: [USF-XSim-96] XSim completed. Design snapshot 'tb_top_cpu_behav' loaded.
INFO: [USF-XSim-97] XSim simulation ran for 1000ns
launch_simulation: Time (s): cpu = 00:00:05 ; elapsed = 00:00:10 . Memory (MB): peak = 1619.664 ; gain = 32.520
restart
INFO: [Wavedata 42-604] Simulation restarted
run 10 us
$finish called at time : 1020 ns : File "V:/SoC_Design/SIM/tb_top_cpu.sv" Line 49
restart
INFO: [Wavedata 42-604] Simulation restarted
run 10 us
$finish called at time : 1020 ns : File "V:/SoC_Design/SIM/tb_top_cpu.sv" Line 49
restart
INFO: [Wavedata 42-604] Simulation restarted
run 10 us
$finish called at time : 1020 ns : File "V:/SoC_Design/SIM/tb_top_cpu.sv" Line 49
restart
INFO: [Wavedata 42-604] Simulation restarted
run 10 us
$finish called at time : 1020 ns : File "V:/SoC_Design/SIM/tb_top_cpu.sv" Line 49
run 10 us
restart
INFO: [Wavedata 42-604] Simulation restarted
run 10 us
$finish called at time : 1020 ns : File "V:/SoC_Design/SIM/tb_top_cpu.sv" Line 49
save_wave_config {V:/SoC_Design/SoC_Design/CPU_TOP_tb_behav.wcfg}
save_wave_config {V:/SoC_Design/SoC_Design/CPU_TOP_tb_behav.wcfg}
close_sim
INFO: [Simtcl 6-16] Simulation closed
exit
INFO: [Common 17-206] Exiting Vivado at Sun Apr 26 22:15:54 2026...
