#-----------------------------------------------------------
# Vivado v2023.2 (64-bit)
# SW Build 4029153 on Fri Oct 13 20:14:34 MDT 2023
# IP Build 4028589 on Sat Oct 14 00:45:43 MDT 2023
# SharedData Build 4025554 on Tue Oct 10 17:18:54 MDT 2023
# Start of session at: Sat Apr 25 15:57:21 2026
# Process ID: 28608
# Current directory: V:/SoC_Design/SoC_Design
# Command line: vivado.exe -gui_launcher_event rodinguilauncherevent20776 V:\SoC_Design\SoC_Design\SoC_Design.xpr
# Log file: V:/SoC_Design/SoC_Design/vivado.log
# Journal file: V:/SoC_Design/SoC_Design\vivado.jou
# Running On: LAPTOP-3K39264L, OS: Windows, CPU Frequency: 2419 MHz, CPU Physical cores: 4, Host memory: 8299 MB
#-----------------------------------------------------------
start_gui
open_project V:/SoC_Design/SoC_Design/SoC_Design.xpr
WARNING: [Board 49-26] cannot add Board Part xilinx.com:vek280_es:part0:1.0 available at C:/Xilinx/Vivado/2023.2/data/xhub/boards/XilinxBoardStore/boards/Xilinx/vek280/es/rev_a/1.0/board.xml as part xcve2802-vsvh1760-2lp-e-s-es1 specified in board_part file is either invalid or not available
WARNING: [Board 49-26] cannot add Board Part xilinx.com:vek280_es:part0:1.1 available at C:/Xilinx/Vivado/2023.2/data/xhub/boards/XilinxBoardStore/boards/Xilinx/vek280/es/rev_a/1.1/board.xml as part xcve2802-vsvh1760-2lp-e-s-es1 specified in board_part file is either invalid or not available
WARNING: [Board 49-26] cannot add Board Part xilinx.com:vek280_es_revb:part0:1.0 available at C:/Xilinx/Vivado/2023.2/data/xhub/boards/XilinxBoardStore/boards/Xilinx/vek280/es/rev_b/1.0/board.xml as part xcve2802-vsvh1760-2mp-e-s-es1 specified in board_part file is either invalid or not available
WARNING: [Board 49-26] cannot add Board Part xilinx.com:vek280_es_revb:part0:1.1 available at C:/Xilinx/Vivado/2023.2/data/xhub/boards/XilinxBoardStore/boards/Xilinx/vek280/es/rev_b/1.1/board.xml as part xcve2802-vsvh1760-2mp-e-s-es1 specified in board_part file is either invalid or not available
WARNING: [Board 49-26] cannot add Board Part xilinx.com:vhk158_es:part0:1.0 available at C:/Xilinx/Vivado/2023.2/data/xhub/boards/XilinxBoardStore/boards/Xilinx/vhk158/es/1.0/board.xml as part xcvh1582-vsva3697-2mp-e-s-es1 specified in board_part file is either invalid or not available
WARNING: [Board 49-26] cannot add Board Part xilinx.com:vhk158_es:part0:1.1 available at C:/Xilinx/Vivado/2023.2/data/xhub/boards/XilinxBoardStore/boards/Xilinx/vhk158/es/1.1/board.xml as part xcvh1582-vsva3697-2mp-e-s-es1 specified in board_part file is either invalid or not available
WARNING: [Board 49-26] cannot add Board Part xilinx.com:zcu208ld:part0:2.0 available at C:/Xilinx/Vivado/2023.2/data/xhub/boards/XilinxBoardStore/boards/Xilinx/zcu208ld/production/2.0/board.xml as part xczu58dr-fsvg1517-2-i specified in board_part file is either invalid or not available
WARNING: [Board 49-26] cannot add Board Part xilinx.com:zcu216ld:part0:2.0 available at C:/Xilinx/Vivado/2023.2/data/xhub/boards/XilinxBoardStore/boards/Xilinx/zcu216ld/production/2.0/board.xml as part xczu59dr-ffvf1760-2-i specified in board_part file is either invalid or not available
WARNING: [Board 49-26] cannot add Board Part xilinx.com:zcu670:part0:2.0 available at C:/Xilinx/Vivado/2023.2/data/xhub/boards/XilinxBoardStore/boards/Xilinx/zcu670/2.0/board.xml as part xczu67dr-fsve1156-2-i specified in board_part file is either invalid or not available
WARNING: [Board 49-26] cannot add Board Part xilinx.com:zcu670ld:part0:1.0 available at C:/Xilinx/Vivado/2023.2/data/xhub/boards/XilinxBoardStore/boards/Xilinx/zcu670ld/1.0/board.xml as part xczu57dr-fsve1156-2-i specified in board_part file is either invalid or not available
INFO: [filemgmt 56-3] Default IP Output Path : Could not find the directory 'V:/SoC_Design/SoC_Design/SoC_Design.gen/sources_1'.
Scanning sources...
Finished scanning sources
INFO: [IP_Flow 19-234] Refreshing IP repositories
INFO: [IP_Flow 19-1704] No user IP repositories specified
INFO: [IP_Flow 19-2313] Loaded Vivado IP repository 'C:/Xilinx/Vivado/2023.2/data/ip'.
open_project: Time (s): cpu = 00:00:41 ; elapsed = 00:00:20 . Memory (MB): peak = 1551.379 ; gain = 397.113
update_compile_order -fileset sources_1
launch_simulation
Command: launch_simulation 
INFO: [Vivado 12-12493] Simulation top is 'CPU_TOP_tb'
WARNING: [Vivado 12-13340] Unable to auto find GCC executables from simulator install path! (path not set)
INFO: [Vivado 12-5682] Launching behavioral simulation in 'V:/SoC_Design/SoC_Design/SoC_Design.sim/sim_1/behav/xsim'
INFO: [SIM-utils-51] Simulation object is 'sim_1'
INFO: [SIM-utils-72] Using boost library from 'C:/Xilinx/Vivado/2023.2/tps/boost_1_72_0'
INFO: [SIM-utils-54] Inspecting design source files for 'CPU_TOP_tb' in fileset 'sim_1'...
INFO: [USF-XSim-97] Finding global include files...
INFO: [USF-XSim-98] Fetching design files from 'sim_1'...
INFO: [USF-XSim-2] XSim::Compile design
INFO: [USF-XSim-61] Executing 'COMPILE and ANALYZE' step in 'V:/SoC_Design/SoC_Design/SoC_Design.sim/sim_1/behav/xsim'
"xvlog --incr --relax -L uvm -prj CPU_TOP_tb_vlog.prj"
INFO: [USF-XSim-69] 'compile' step finished in '5' seconds
INFO: [USF-XSim-3] XSim::Elaborate design
INFO: [USF-XSim-61] Executing 'ELABORATE' step in 'V:/SoC_Design/SoC_Design/SoC_Design.sim/sim_1/behav/xsim'
"xelab --incr --debug typical --relax --mt 2 -L xil_defaultlib -L uvm -L unisims_ver -L unimacro_ver -L secureip --snapshot CPU_TOP_tb_behav xil_defaultlib.CPU_TOP_tb xil_defaultlib.glbl -log elaborate.log"
Vivado Simulator v2023.2
Copyright 1986-2022 Xilinx, Inc. All Rights Reserved.
Copyright 2022-2023 Advanced Micro Devices, Inc. All Rights Reserved.
Running: C:/Xilinx/Vivado/2023.2/bin/unwrapped/win64.o/xelab.exe --incr --debug typical --relax --mt 2 -L xil_defaultlib -L uvm -L unisims_ver -L unimacro_ver -L secureip --snapshot CPU_TOP_tb_behav xil_defaultlib.CPU_TOP_tb xil_defaultlib.glbl -log elaborate.log 
Using 2 slave threads.
Starting static elaboration
Pass Through NonSizing Optimizer
Completed static elaboration
INFO: [XSIM 43-4323] No Change in HDL. Linking previously generated obj files to create kernel
INFO: [USF-XSim-69] 'elaborate' step finished in '4' seconds
INFO: [USF-XSim-4] XSim::Simulate design
INFO: [USF-XSim-61] Executing 'SIMULATE' step in 'V:/SoC_Design/SoC_Design/SoC_Design.sim/sim_1/behav/xsim'
INFO: [USF-XSim-98] *** Running xsim
   with args "CPU_TOP_tb_behav -key {Behavioral:sim_1:Functional:CPU_TOP_tb} -tclbatch {CPU_TOP_tb.tcl} -view {V:/SoC_Design/SoC_Design/CPU_TOP_tb_behav.wcfg} -log {simulate.log}"
INFO: [USF-XSim-8] Loading simulator feature
Time resolution is 1 ps
open_wave_config V:/SoC_Design/SoC_Design/CPU_TOP_tb_behav.wcfg
source CPU_TOP_tb.tcl
# set curr_wave [current_wave_config]
# if { [string length $curr_wave] == 0 } {
#   if { [llength [get_objects]] > 0} {
#     add_wave /
#     set_property needs_save false [current_wave_config]
#   } else {
#      send_msg_id Add_Wave-1 WARNING "No top level signals found. Simulator will start without a wave window. If you want to open a wave window go to 'File->New Waveform Configuration' or type 'create_wave_config' in the TCL console."
#   }
# }
# run 1000ns
INFO: [USF-XSim-96] XSim completed. Design snapshot 'CPU_TOP_tb_behav' loaded.
INFO: [USF-XSim-97] XSim simulation ran for 1000ns
launch_simulation: Time (s): cpu = 00:00:08 ; elapsed = 00:00:15 . Memory (MB): peak = 1618.617 ; gain = 67.238
close_sim
INFO: [Simtcl 6-16] Simulation closed
launch_simulation
Command: launch_simulation 
INFO: [Vivado 12-12493] Simulation top is 'CPU_TOP_tb'
WARNING: [Vivado 12-13340] Unable to auto find GCC executables from simulator install path! (path not set)
INFO: [Vivado 12-5682] Launching behavioral simulation in 'V:/SoC_Design/SoC_Design/SoC_Design.sim/sim_1/behav/xsim'
INFO: [SIM-utils-51] Simulation object is 'sim_1'
INFO: [SIM-utils-72] Using boost library from 'C:/Xilinx/Vivado/2023.2/tps/boost_1_72_0'
INFO: [SIM-utils-54] Inspecting design source files for 'CPU_TOP_tb' in fileset 'sim_1'...
INFO: [USF-XSim-97] Finding global include files...
INFO: [USF-XSim-98] Fetching design files from 'sim_1'...
INFO: [USF-XSim-2] XSim::Compile design
INFO: [USF-XSim-61] Executing 'COMPILE and ANALYZE' step in 'V:/SoC_Design/SoC_Design/SoC_Design.sim/sim_1/behav/xsim'
"xvlog --incr --relax -L uvm -prj CPU_TOP_tb_vlog.prj"
INFO: [VRFC 10-2263] Analyzing SystemVerilog file "V:/SoC_Design/RTL/memory/DRAM.sv" into library xil_defaultlib
INFO: [VRFC 10-311] analyzing module DRAM
INFO: [VRFC 10-2263] Analyzing SystemVerilog file "V:/SoC_Design/RTL/core/adder.sv" into library xil_defaultlib
INFO: [VRFC 10-311] analyzing module adder21
INFO: [VRFC 10-2263] Analyzing SystemVerilog file "V:/SoC_Design/RTL/core/alu.sv" into library xil_defaultlib
INFO: [VRFC 10-311] analyzing module alu
INFO: [VRFC 10-2263] Analyzing SystemVerilog file "V:/SoC_Design/RTL/core/alu_ctr.sv" into library xil_defaultlib
INFO: [VRFC 10-311] analyzing module alu_ctr
INFO: [VRFC 10-2263] Analyzing SystemVerilog file "V:/SoC_Design/RTL/core/ctr_unit.sv" into library xil_defaultlib
INFO: [VRFC 10-311] analyzing module ctr_unit
INFO: [VRFC 10-2263] Analyzing SystemVerilog file "V:/SoC_Design/RTL/core/inst_decoder.sv" into library xil_defaultlib
INFO: [VRFC 10-311] analyzing module inst_decoder
INFO: [VRFC 10-2263] Analyzing SystemVerilog file "V:/SoC_Design/RTL/core/mul_div_unit.sv" into library xil_defaultlib
INFO: [VRFC 10-311] analyzing module mul_div_unit
INFO: [VRFC 10-2263] Analyzing SystemVerilog file "V:/SoC_Design/RTL/core/mux.sv" into library xil_defaultlib
INFO: [VRFC 10-311] analyzing module mux21
INFO: [VRFC 10-2263] Analyzing SystemVerilog file "V:/SoC_Design/RTL/core/pc.sv" into library xil_defaultlib
INFO: [VRFC 10-311] analyzing module pc
INFO: [VRFC 10-2263] Analyzing SystemVerilog file "V:/SoC_Design/RTL/core/registers.sv" into library xil_defaultlib
INFO: [VRFC 10-311] analyzing module registers
INFO: [VRFC 10-2263] Analyzing SystemVerilog file "V:/SoC_Design/RTL/core/shift_left.sv" into library xil_defaultlib
INFO: [VRFC 10-311] analyzing module shift_left
INFO: [VRFC 10-2263] Analyzing SystemVerilog file "V:/SoC_Design/RTL/core/sign_extend.sv" into library xil_defaultlib
INFO: [VRFC 10-311] analyzing module sign_extend
INFO: [VRFC 10-2263] Analyzing SystemVerilog file "V:/SoC_Design/RTL/core/top_cpu.sv" into library xil_defaultlib
INFO: [VRFC 10-311] analyzing module top_cpu
INFO: [VRFC 10-2263] Analyzing SystemVerilog file "V:/SoC_Design/SIM/CPU_TOP_tb.sv" into library xil_defaultlib
INFO: [VRFC 10-311] analyzing module CPU_TOP_tb
INFO: [USF-XSim-69] 'compile' step finished in '3' seconds
INFO: [USF-XSim-3] XSim::Elaborate design
INFO: [USF-XSim-61] Executing 'ELABORATE' step in 'V:/SoC_Design/SoC_Design/SoC_Design.sim/sim_1/behav/xsim'
"xelab --incr --debug typical --relax --mt 2 -L xil_defaultlib -L uvm -L unisims_ver -L unimacro_ver -L secureip --snapshot CPU_TOP_tb_behav xil_defaultlib.CPU_TOP_tb xil_defaultlib.glbl -log elaborate.log"
Vivado Simulator v2023.2
Copyright 1986-2022 Xilinx, Inc. All Rights Reserved.
Copyright 2022-2023 Advanced Micro Devices, Inc. All Rights Reserved.
Running: C:/Xilinx/Vivado/2023.2/bin/unwrapped/win64.o/xelab.exe --incr --debug typical --relax --mt 2 -L xil_defaultlib -L uvm -L unisims_ver -L unimacro_ver -L secureip --snapshot CPU_TOP_tb_behav xil_defaultlib.CPU_TOP_tb xil_defaultlib.glbl -log elaborate.log 
Using 2 slave threads.
Starting static elaboration
Pass Through NonSizing Optimizer
Completed static elaboration
Starting simulation data flow analysis
Completed simulation data flow analysis
Time Resolution for simulation is 1ps
Compiling module xil_defaultlib.pc(ADDR_BIT=12)
Compiling module xil_defaultlib.adder21(ADDR_BIT=12)
Compiling module xil_defaultlib.shift_left(ADDR_BIT=26)
Compiling module xil_defaultlib.shift_left(ADDR_BIT=32)
Compiling module xil_defaultlib.adder21(ADDR_BIT=32)
Compiling module xil_defaultlib.inst_decoder(DATA_BIT=32,OPCODE_...
Compiling module xil_defaultlib.ctr_unit(DATA_BIT=32,OPCODE_BIT=...
Compiling module xil_defaultlib.alu_ctr
Compiling module xil_defaultlib.sign_extend
Compiling module xil_defaultlib.mux21(DATA_BIT=5)
Compiling module xil_defaultlib.registers(DATA_BIT=32,REG_BIT=5)
Compiling module xil_defaultlib.mux21(DATA_BIT=32)
Compiling module xil_defaultlib.alu(DATA_BIT=32)
Compiling module xil_defaultlib.mul_div_unit(DATA_BIT=32)
Compiling module xil_defaultlib.mux21(DATA_BIT=12)
Compiling module xil_defaultlib.top_cpu(ADDR_BIT=12)
Compiling module xil_defaultlib.DRAM(ADDR_SIZE=12)
Compiling module xil_defaultlib.CPU_TOP_tb
Compiling module xil_defaultlib.glbl
Built simulation snapshot CPU_TOP_tb_behav
INFO: [USF-XSim-69] 'elaborate' step finished in '5' seconds
INFO: [USF-XSim-4] XSim::Simulate design
INFO: [USF-XSim-61] Executing 'SIMULATE' step in 'V:/SoC_Design/SoC_Design/SoC_Design.sim/sim_1/behav/xsim'
INFO: [USF-XSim-98] *** Running xsim
   with args "CPU_TOP_tb_behav -key {Behavioral:sim_1:Functional:CPU_TOP_tb} -tclbatch {CPU_TOP_tb.tcl} -view {V:/SoC_Design/SoC_Design/CPU_TOP_tb_behav.wcfg} -log {simulate.log}"
INFO: [USF-XSim-8] Loading simulator feature
Time resolution is 1 ps
open_wave_config V:/SoC_Design/SoC_Design/CPU_TOP_tb_behav.wcfg
source CPU_TOP_tb.tcl
# set curr_wave [current_wave_config]
# if { [string length $curr_wave] == 0 } {
#   if { [llength [get_objects]] > 0} {
#     add_wave /
#     set_property needs_save false [current_wave_config]
#   } else {
#      send_msg_id Add_Wave-1 WARNING "No top level signals found. Simulator will start without a wave window. If you want to open a wave window go to 'File->New Waveform Configuration' or type 'create_wave_config' in the TCL console."
#   }
# }
# run 1000ns
INFO: [USF-XSim-96] XSim completed. Design snapshot 'CPU_TOP_tb_behav' loaded.
INFO: [USF-XSim-97] XSim simulation ran for 1000ns
launch_simulation: Time (s): cpu = 00:00:03 ; elapsed = 00:00:10 . Memory (MB): peak = 2420.945 ; gain = 0.000
save_wave_config {V:/SoC_Design/SoC_Design/CPU_TOP_tb_behav.wcfg}
close_sim
INFO: [Simtcl 6-16] Simulation closed
add_files -norecurse V:/SoC_Design/RTL/core/forward_unit.sv
WARNING: [filemgmt 56-199] Attempt to get parsing info during refresh. "On-the-fly" syntax checking information may be incorrect. [V:\SoC_Design\RTL\core\top_cpu.sv:]
WARNING: [filemgmt 56-199] Attempt to get parsing info during refresh. "On-the-fly" syntax checking information may be incorrect. [V:\SoC_Design\RTL\top.sv:]
ERROR: [Common 17-180] Spawn failed: No error
update_compile_order -fileset sources_1
WARNING: [filemgmt 56-199] Attempt to get parsing info during refresh. "On-the-fly" syntax checking information may be incorrect. [V:\SoC_Design\RTL\core\top_cpu.sv:]
WARNING: [filemgmt 56-199] Attempt to get parsing info during refresh. "On-the-fly" syntax checking information may be incorrect. [V:\SoC_Design\RTL\top.sv:]
ERROR: [Common 17-180] Spawn failed: No error
WARNING: [filemgmt 56-199] Attempt to get parsing info during refresh. "On-the-fly" syntax checking information may be incorrect. [V:\SoC_Design\RTL\top.sv:]
WARNING: [filemgmt 56-199] Attempt to get parsing info during refresh. "On-the-fly" syntax checking information may be incorrect. [V:\SoC_Design\RTL\core\forward_unit.sv:]
ERROR: [Common 17-180] Spawn failed: No error
update_compile_order -fileset sources_1
WARNING: [filemgmt 56-199] Attempt to get parsing info during refresh. "On-the-fly" syntax checking information may be incorrect. [V:\SoC_Design\RTL\top.sv:]
WARNING: [filemgmt 56-199] Attempt to get parsing info during refresh. "On-the-fly" syntax checking information may be incorrect. [V:\SoC_Design\RTL\core\forward_unit.sv:]
ERROR: [Common 17-180] Spawn failed: No error
launch_simulation
Command: launch_simulation 
INFO: [Vivado 12-12493] Simulation top is 'CPU_TOP_tb'
WARNING: [Vivado 12-13340] Unable to auto find GCC executables from simulator install path! (path not set)
INFO: [Vivado 12-5682] Launching behavioral simulation in 'V:/SoC_Design/SoC_Design/SoC_Design.sim/sim_1/behav/xsim'
INFO: [SIM-utils-51] Simulation object is 'sim_1'
INFO: [SIM-utils-72] Using boost library from 'C:/Xilinx/Vivado/2023.2/tps/boost_1_72_0'
INFO: [SIM-utils-54] Inspecting design source files for 'CPU_TOP_tb' in fileset 'sim_1'...
INFO: [USF-XSim-97] Finding global include files...
INFO: [USF-XSim-98] Fetching design files from 'sim_1'...
INFO: [USF-XSim-2] XSim::Compile design
INFO: [USF-XSim-61] Executing 'COMPILE and ANALYZE' step in 'V:/SoC_Design/SoC_Design/SoC_Design.sim/sim_1/behav/xsim'
"xvlog --incr --relax -L uvm -prj CPU_TOP_tb_vlog.prj"
INFO: [VRFC 10-2263] Analyzing SystemVerilog file "V:/SoC_Design/RTL/memory/DRAM.sv" into library xil_defaultlib
INFO: [VRFC 10-311] analyzing module DRAM
INFO: [VRFC 10-2263] Analyzing SystemVerilog file "V:/SoC_Design/RTL/core/adder.sv" into library xil_defaultlib
INFO: [VRFC 10-311] analyzing module adder21
INFO: [VRFC 10-2263] Analyzing SystemVerilog file "V:/SoC_Design/RTL/core/alu.sv" into library xil_defaultlib
INFO: [VRFC 10-311] analyzing module alu
INFO: [VRFC 10-2263] Analyzing SystemVerilog file "V:/SoC_Design/RTL/core/alu_ctr.sv" into library xil_defaultlib
INFO: [VRFC 10-311] analyzing module alu_ctr
INFO: [VRFC 10-2263] Analyzing SystemVerilog file "V:/SoC_Design/RTL/core/ctr_unit.sv" into library xil_defaultlib
INFO: [VRFC 10-311] analyzing module ctr_unit
INFO: [VRFC 10-2263] Analyzing SystemVerilog file "V:/SoC_Design/RTL/core/forward_unit.sv" into library xil_defaultlib
INFO: [VRFC 10-311] analyzing module lw_flag_unit
INFO: [VRFC 10-311] analyzing module rt_buffer
INFO: [VRFC 10-2263] Analyzing SystemVerilog file "V:/SoC_Design/RTL/core/inst_decoder.sv" into library xil_defaultlib
INFO: [VRFC 10-311] analyzing module inst_decoder
INFO: [VRFC 10-2263] Analyzing SystemVerilog file "V:/SoC_Design/RTL/core/mul_div_unit.sv" into library xil_defaultlib
INFO: [VRFC 10-311] analyzing module mul_div_unit
INFO: [VRFC 10-2263] Analyzing SystemVerilog file "V:/SoC_Design/RTL/core/mux.sv" into library xil_defaultlib
INFO: [VRFC 10-311] analyzing module mux21
INFO: [VRFC 10-2263] Analyzing SystemVerilog file "V:/SoC_Design/RTL/core/pc.sv" into library xil_defaultlib
INFO: [VRFC 10-311] analyzing module pc
INFO: [VRFC 10-2263] Analyzing SystemVerilog file "V:/SoC_Design/RTL/core/registers.sv" into library xil_defaultlib
INFO: [VRFC 10-311] analyzing module registers
INFO: [VRFC 10-2263] Analyzing SystemVerilog file "V:/SoC_Design/RTL/core/shift_left.sv" into library xil_defaultlib
INFO: [VRFC 10-311] analyzing module shift_left
INFO: [VRFC 10-2263] Analyzing SystemVerilog file "V:/SoC_Design/RTL/core/sign_extend.sv" into library xil_defaultlib
INFO: [VRFC 10-311] analyzing module sign_extend
INFO: [VRFC 10-2263] Analyzing SystemVerilog file "V:/SoC_Design/RTL/core/top_cpu.sv" into library xil_defaultlib
INFO: [VRFC 10-311] analyzing module top_cpu
INFO: [VRFC 10-2263] Analyzing SystemVerilog file "V:/SoC_Design/SIM/CPU_TOP_tb.sv" into library xil_defaultlib
INFO: [VRFC 10-311] analyzing module CPU_TOP_tb
INFO: [USF-XSim-69] 'compile' step finished in '3' seconds
INFO: [USF-XSim-3] XSim::Elaborate design
INFO: [USF-XSim-61] Executing 'ELABORATE' step in 'V:/SoC_Design/SoC_Design/SoC_Design.sim/sim_1/behav/xsim'
"xelab --incr --debug typical --relax --mt 2 -L xil_defaultlib -L uvm -L unisims_ver -L unimacro_ver -L secureip --snapshot CPU_TOP_tb_behav xil_defaultlib.CPU_TOP_tb xil_defaultlib.glbl -log elaborate.log"
Vivado Simulator v2023.2
Copyright 1986-2022 Xilinx, Inc. All Rights Reserved.
Copyright 2022-2023 Advanced Micro Devices, Inc. All Rights Reserved.
Running: C:/Xilinx/Vivado/2023.2/bin/unwrapped/win64.o/xelab.exe --incr --debug typical --relax --mt 2 -L xil_defaultlib -L uvm -L unisims_ver -L unimacro_ver -L secureip --snapshot CPU_TOP_tb_behav xil_defaultlib.CPU_TOP_tb xil_defaultlib.glbl -log elaborate.log 
Using 2 slave threads.
Starting static elaboration
Pass Through NonSizing Optimizer
ERROR: [VRFC 10-2538] module instantiation should have an instance name [V:/SoC_Design/RTL/core/top_cpu.sv:270]
ERROR: [XSIM 43-3322] Static elaboration of top level Verilog design unit(s) in library work failed.
INFO: [USF-XSim-69] 'elaborate' step finished in '2' seconds
INFO: [USF-XSim-99] Step results log file:'V:/SoC_Design/SoC_Design/SoC_Design.sim/sim_1/behav/xsim/elaborate.log'
ERROR: [USF-XSim-62] 'elaborate' step failed with error(s). Please check the Tcl console output or 'V:/SoC_Design/SoC_Design/SoC_Design.sim/sim_1/behav/xsim/elaborate.log' file for more information.
ERROR: [Vivado 12-4473] Detected error while running simulation. Please correct the issue and retry this operation.
ERROR: [Common 17-39] 'launch_simulation' failed due to earlier errors.
launch_simulation
Command: launch_simulation 
INFO: [Vivado 12-12493] Simulation top is 'CPU_TOP_tb'
WARNING: [Vivado 12-13340] Unable to auto find GCC executables from simulator install path! (path not set)
INFO: [Vivado 12-5682] Launching behavioral simulation in 'V:/SoC_Design/SoC_Design/SoC_Design.sim/sim_1/behav/xsim'
INFO: [SIM-utils-51] Simulation object is 'sim_1'
INFO: [SIM-utils-72] Using boost library from 'C:/Xilinx/Vivado/2023.2/tps/boost_1_72_0'
INFO: [SIM-utils-54] Inspecting design source files for 'CPU_TOP_tb' in fileset 'sim_1'...
INFO: [USF-XSim-97] Finding global include files...
INFO: [USF-XSim-98] Fetching design files from 'sim_1'...
INFO: [USF-XSim-2] XSim::Compile design
INFO: [USF-XSim-61] Executing 'COMPILE and ANALYZE' step in 'V:/SoC_Design/SoC_Design/SoC_Design.sim/sim_1/behav/xsim'
"xvlog --incr --relax -L uvm -prj CPU_TOP_tb_vlog.prj"
INFO: [VRFC 10-2263] Analyzing SystemVerilog file "V:/SoC_Design/RTL/memory/DRAM.sv" into library xil_defaultlib
INFO: [VRFC 10-311] analyzing module DRAM
INFO: [VRFC 10-2263] Analyzing SystemVerilog file "V:/SoC_Design/RTL/core/adder.sv" into library xil_defaultlib
INFO: [VRFC 10-311] analyzing module adder21
INFO: [VRFC 10-2263] Analyzing SystemVerilog file "V:/SoC_Design/RTL/core/alu.sv" into library xil_defaultlib
INFO: [VRFC 10-311] analyzing module alu
INFO: [VRFC 10-2263] Analyzing SystemVerilog file "V:/SoC_Design/RTL/core/alu_ctr.sv" into library xil_defaultlib
INFO: [VRFC 10-311] analyzing module alu_ctr
INFO: [VRFC 10-2263] Analyzing SystemVerilog file "V:/SoC_Design/RTL/core/ctr_unit.sv" into library xil_defaultlib
INFO: [VRFC 10-311] analyzing module ctr_unit
INFO: [VRFC 10-2263] Analyzing SystemVerilog file "V:/SoC_Design/RTL/core/forward_unit.sv" into library xil_defaultlib
INFO: [VRFC 10-311] analyzing module lw_flag_unit
INFO: [VRFC 10-311] analyzing module rt_buffer
INFO: [VRFC 10-2263] Analyzing SystemVerilog file "V:/SoC_Design/RTL/core/inst_decoder.sv" into library xil_defaultlib
INFO: [VRFC 10-311] analyzing module inst_decoder
INFO: [VRFC 10-2263] Analyzing SystemVerilog file "V:/SoC_Design/RTL/core/mul_div_unit.sv" into library xil_defaultlib
INFO: [VRFC 10-311] analyzing module mul_div_unit
INFO: [VRFC 10-2263] Analyzing SystemVerilog file "V:/SoC_Design/RTL/core/mux.sv" into library xil_defaultlib
INFO: [VRFC 10-311] analyzing module mux21
INFO: [VRFC 10-2263] Analyzing SystemVerilog file "V:/SoC_Design/RTL/core/pc.sv" into library xil_defaultlib
INFO: [VRFC 10-311] analyzing module pc
INFO: [VRFC 10-2263] Analyzing SystemVerilog file "V:/SoC_Design/RTL/core/registers.sv" into library xil_defaultlib
INFO: [VRFC 10-311] analyzing module registers
INFO: [VRFC 10-2263] Analyzing SystemVerilog file "V:/SoC_Design/RTL/core/shift_left.sv" into library xil_defaultlib
INFO: [VRFC 10-311] analyzing module shift_left
INFO: [VRFC 10-2263] Analyzing SystemVerilog file "V:/SoC_Design/RTL/core/sign_extend.sv" into library xil_defaultlib
INFO: [VRFC 10-311] analyzing module sign_extend
INFO: [VRFC 10-2263] Analyzing SystemVerilog file "V:/SoC_Design/RTL/core/top_cpu.sv" into library xil_defaultlib
INFO: [VRFC 10-311] analyzing module top_cpu
INFO: [VRFC 10-2263] Analyzing SystemVerilog file "V:/SoC_Design/SIM/CPU_TOP_tb.sv" into library xil_defaultlib
INFO: [VRFC 10-311] analyzing module CPU_TOP_tb
INFO: [USF-XSim-69] 'compile' step finished in '2' seconds
INFO: [USF-XSim-3] XSim::Elaborate design
INFO: [USF-XSim-61] Executing 'ELABORATE' step in 'V:/SoC_Design/SoC_Design/SoC_Design.sim/sim_1/behav/xsim'
"xelab --incr --debug typical --relax --mt 2 -L xil_defaultlib -L uvm -L unisims_ver -L unimacro_ver -L secureip --snapshot CPU_TOP_tb_behav xil_defaultlib.CPU_TOP_tb xil_defaultlib.glbl -log elaborate.log"
Vivado Simulator v2023.2
Copyright 1986-2022 Xilinx, Inc. All Rights Reserved.
Copyright 2022-2023 Advanced Micro Devices, Inc. All Rights Reserved.
Running: C:/Xilinx/Vivado/2023.2/bin/unwrapped/win64.o/xelab.exe --incr --debug typical --relax --mt 2 -L xil_defaultlib -L uvm -L unisims_ver -L unimacro_ver -L secureip --snapshot CPU_TOP_tb_behav xil_defaultlib.CPU_TOP_tb xil_defaultlib.glbl -log elaborate.log 
Using 2 slave threads.
Starting static elaboration
Pass Through NonSizing Optimizer
Completed static elaboration
Starting simulation data flow analysis
Completed simulation data flow analysis
Time Resolution for simulation is 1ps
Compiling module xil_defaultlib.pc(ADDR_BIT=12)
Compiling module xil_defaultlib.adder21(ADDR_BIT=12)
Compiling module xil_defaultlib.shift_left(ADDR_BIT=26)
Compiling module xil_defaultlib.shift_left(ADDR_BIT=32)
Compiling module xil_defaultlib.adder21(ADDR_BIT=32)
Compiling module xil_defaultlib.inst_decoder(DATA_BIT=32,OPCODE_...
Compiling module xil_defaultlib.ctr_unit(DATA_BIT=32,OPCODE_BIT=...
Compiling module xil_defaultlib.alu_ctr
Compiling module xil_defaultlib.sign_extend
Compiling module xil_defaultlib.mux21(DATA_BIT=5)
Compiling module xil_defaultlib.registers(DATA_BIT=32,REG_BIT=5)
Compiling module xil_defaultlib.mux21(DATA_BIT=32)
Compiling module xil_defaultlib.alu(DATA_BIT=32)
Compiling module xil_defaultlib.mul_div_unit(DATA_BIT=32)
Compiling module xil_defaultlib.mux21(DATA_BIT=12)
Compiling module xil_defaultlib.lw_flag_unit
Compiling module xil_defaultlib.rt_buffer(REG_BIT=5)
Compiling module xil_defaultlib.top_cpu(ADDR_BIT=12)
Compiling module xil_defaultlib.DRAM(ADDR_SIZE=12)
Compiling module xil_defaultlib.CPU_TOP_tb
Compiling module xil_defaultlib.glbl
Built simulation snapshot CPU_TOP_tb_behav
INFO: [USF-XSim-69] 'elaborate' step finished in '4' seconds
INFO: [USF-XSim-4] XSim::Simulate design
INFO: [USF-XSim-61] Executing 'SIMULATE' step in 'V:/SoC_Design/SoC_Design/SoC_Design.sim/sim_1/behav/xsim'
INFO: [USF-XSim-98] *** Running xsim
   with args "CPU_TOP_tb_behav -key {Behavioral:sim_1:Functional:CPU_TOP_tb} -tclbatch {CPU_TOP_tb.tcl} -view {V:/SoC_Design/SoC_Design/CPU_TOP_tb_behav.wcfg} -log {simulate.log}"
INFO: [USF-XSim-8] Loading simulator feature
Time resolution is 1 ps
open_wave_config V:/SoC_Design/SoC_Design/CPU_TOP_tb_behav.wcfg
source CPU_TOP_tb.tcl
# set curr_wave [current_wave_config]
# if { [string length $curr_wave] == 0 } {
#   if { [llength [get_objects]] > 0} {
#     add_wave /
#     set_property needs_save false [current_wave_config]
#   } else {
#      send_msg_id Add_Wave-1 WARNING "No top level signals found. Simulator will start without a wave window. If you want to open a wave window go to 'File->New Waveform Configuration' or type 'create_wave_config' in the TCL console."
#   }
# }
# run 1000ns
INFO: [USF-XSim-96] XSim completed. Design snapshot 'CPU_TOP_tb_behav' loaded.
INFO: [USF-XSim-97] XSim simulation ran for 1000ns
launch_simulation: Time (s): cpu = 00:00:02 ; elapsed = 00:00:08 . Memory (MB): peak = 2420.945 ; gain = 0.000
relaunch_sim
Command: launch_simulation -step compile -simset sim_1 -mode behavioral
INFO: [Vivado 12-12493] Simulation top is 'CPU_TOP_tb'
WARNING: [Vivado 12-13340] Unable to auto find GCC executables from simulator install path! (path not set)
INFO: [Vivado 12-5682] Launching behavioral simulation in 'V:/SoC_Design/SoC_Design/SoC_Design.sim/sim_1/behav/xsim'
INFO: [SIM-utils-51] Simulation object is 'sim_1'
INFO: [SIM-utils-72] Using boost library from 'C:/Xilinx/Vivado/2023.2/tps/boost_1_72_0'
INFO: [SIM-utils-54] Inspecting design source files for 'CPU_TOP_tb' in fileset 'sim_1'...
INFO: [USF-XSim-97] Finding global include files...
INFO: [USF-XSim-98] Fetching design files from 'sim_1'...
INFO: [USF-XSim-2] XSim::Compile design
INFO: [USF-XSim-61] Executing 'COMPILE and ANALYZE' step in 'V:/SoC_Design/SoC_Design/SoC_Design.sim/sim_1/behav/xsim'
"xvlog --incr --relax -L uvm -prj CPU_TOP_tb_vlog.prj"
INFO: [VRFC 10-2263] Analyzing SystemVerilog file "V:/SoC_Design/RTL/memory/DRAM.sv" into library xil_defaultlib
INFO: [VRFC 10-311] analyzing module DRAM
INFO: [VRFC 10-2263] Analyzing SystemVerilog file "V:/SoC_Design/RTL/core/adder.sv" into library xil_defaultlib
INFO: [VRFC 10-311] analyzing module adder21
INFO: [VRFC 10-2263] Analyzing SystemVerilog file "V:/SoC_Design/RTL/core/alu.sv" into library xil_defaultlib
INFO: [VRFC 10-311] analyzing module alu
INFO: [VRFC 10-2263] Analyzing SystemVerilog file "V:/SoC_Design/RTL/core/alu_ctr.sv" into library xil_defaultlib
INFO: [VRFC 10-311] analyzing module alu_ctr
INFO: [VRFC 10-2263] Analyzing SystemVerilog file "V:/SoC_Design/RTL/core/ctr_unit.sv" into library xil_defaultlib
INFO: [VRFC 10-311] analyzing module ctr_unit
INFO: [VRFC 10-2263] Analyzing SystemVerilog file "V:/SoC_Design/RTL/core/forward_unit.sv" into library xil_defaultlib
INFO: [VRFC 10-311] analyzing module lw_flag_unit
INFO: [VRFC 10-311] analyzing module rd_buffer
INFO: [VRFC 10-2263] Analyzing SystemVerilog file "V:/SoC_Design/RTL/core/inst_decoder.sv" into library xil_defaultlib
INFO: [VRFC 10-311] analyzing module inst_decoder
INFO: [VRFC 10-2263] Analyzing SystemVerilog file "V:/SoC_Design/RTL/core/mul_div_unit.sv" into library xil_defaultlib
INFO: [VRFC 10-311] analyzing module mul_div_unit
INFO: [VRFC 10-2263] Analyzing SystemVerilog file "V:/SoC_Design/RTL/core/mux.sv" into library xil_defaultlib
INFO: [VRFC 10-311] analyzing module mux21
INFO: [VRFC 10-2263] Analyzing SystemVerilog file "V:/SoC_Design/RTL/core/pc.sv" into library xil_defaultlib
INFO: [VRFC 10-311] analyzing module pc
INFO: [VRFC 10-2263] Analyzing SystemVerilog file "V:/SoC_Design/RTL/core/registers.sv" into library xil_defaultlib
INFO: [VRFC 10-311] analyzing module registers
INFO: [VRFC 10-2263] Analyzing SystemVerilog file "V:/SoC_Design/RTL/core/shift_left.sv" into library xil_defaultlib
INFO: [VRFC 10-311] analyzing module shift_left
INFO: [VRFC 10-2263] Analyzing SystemVerilog file "V:/SoC_Design/RTL/core/sign_extend.sv" into library xil_defaultlib
INFO: [VRFC 10-311] analyzing module sign_extend
INFO: [VRFC 10-2263] Analyzing SystemVerilog file "V:/SoC_Design/RTL/core/top_cpu.sv" into library xil_defaultlib
INFO: [VRFC 10-311] analyzing module top_cpu
INFO: [VRFC 10-2263] Analyzing SystemVerilog file "V:/SoC_Design/SIM/CPU_TOP_tb.sv" into library xil_defaultlib
INFO: [VRFC 10-311] analyzing module CPU_TOP_tb
INFO: [USF-XSim-69] 'compile' step finished in '2' seconds
Command: launch_simulation -step elaborate -simset sim_1 -mode behavioral
INFO: [Vivado 12-12493] Simulation top is 'CPU_TOP_tb'
WARNING: [Vivado 12-13340] Unable to auto find GCC executables from simulator install path! (path not set)
INFO: [Vivado 12-5682] Launching behavioral simulation in 'V:/SoC_Design/SoC_Design/SoC_Design.sim/sim_1/behav/xsim'
INFO: [SIM-utils-51] Simulation object is 'sim_1'
INFO: [USF-XSim-3] XSim::Elaborate design
INFO: [USF-XSim-61] Executing 'ELABORATE' step in 'V:/SoC_Design/SoC_Design/SoC_Design.sim/sim_1/behav/xsim'
"xelab --incr --debug typical --relax --mt 2 -L xil_defaultlib -L uvm -L unisims_ver -L unimacro_ver -L secureip --snapshot CPU_TOP_tb_behav xil_defaultlib.CPU_TOP_tb xil_defaultlib.glbl -log elaborate.log"
Vivado Simulator v2023.2
Copyright 1986-2022 Xilinx, Inc. All Rights Reserved.
Copyright 2022-2023 Advanced Micro Devices, Inc. All Rights Reserved.
Running: C:/Xilinx/Vivado/2023.2/bin/unwrapped/win64.o/xelab.exe --incr --debug typical --relax --mt 2 -L xil_defaultlib -L uvm -L unisims_ver -L unimacro_ver -L secureip --snapshot CPU_TOP_tb_behav xil_defaultlib.CPU_TOP_tb xil_defaultlib.glbl -log elaborate.log 
Using 2 slave threads.
Starting static elaboration
Pass Through NonSizing Optimizer
ERROR: [VRFC 10-3180] cannot find port 'o_rt' on this module [V:/SoC_Design/RTL/core/top_cpu.sv:283]
ERROR: [VRFC 10-3180] cannot find port 'i_rt' on this module [V:/SoC_Design/RTL/core/top_cpu.sv:282]
ERROR: [VRFC 10-8530] module 'DRAM(ADDR_SIZE=12)' is ignored due to previous errors [V:/SoC_Design/RTL/memory/DRAM.sv:2]
ERROR: [VRFC 10-8530] module 'pc(ADDR_BIT=12)' is ignored due to previous errors [V:/SoC_Design/RTL/core/pc.sv:3]
ERROR: [VRFC 10-8530] module 'adder21(ADDR_BIT=12)' is ignored due to previous errors [V:/SoC_Design/RTL/core/adder.sv:3]
ERROR: [VRFC 10-8530] module 'shift_left(ADDR_BIT=26)' is ignored due to previous errors [V:/SoC_Design/RTL/core/shift_left.sv:3]
ERROR: [VRFC 10-8530] module 'inst_decoder(DATA_BIT=32,OPCODE_BIT=6,REG_BIT=5)' is ignored due to previous errors [V:/SoC_Design/RTL/core/inst_decoder.sv:2]
ERROR: [VRFC 10-8530] module 'ctr_unit(DATA_BIT=32,OPCODE_BIT=6)' is ignored due to previous errors [V:/SoC_Design/RTL/core/ctr_unit.sv:6]
ERROR: [VRFC 10-8530] module 'mux21(DATA_BIT=5)' is ignored due to previous errors [V:/SoC_Design/RTL/core/mux.sv:2]
ERROR: [VRFC 10-8530] module 'registers(DATA_BIT=32,REG_BIT=5)' is ignored due to previous errors [V:/SoC_Design/RTL/core/registers.sv:2]
ERROR: [VRFC 10-8530] module 'alu(DATA_BIT=32)' is ignored due to previous errors [V:/SoC_Design/RTL/core/alu.sv:3]
ERROR: [VRFC 10-8530] module 'mul_div_unit(DATA_BIT=32)' is ignored due to previous errors [V:/SoC_Design/RTL/core/mul_div_unit.sv:3]
ERROR: [VRFC 10-8530] module 'rd_buffer(REG_BIT=5)' is ignored due to previous errors [V:/SoC_Design/RTL/core/forward_unit.sv:58]
ERROR: [XSIM 43-3322] Static elaboration of top level Verilog design unit(s) in library work failed.
INFO: [USF-XSim-69] 'elaborate' step finished in '2' seconds
INFO: [USF-XSim-99] Step results log file:'V:/SoC_Design/SoC_Design/SoC_Design.sim/sim_1/behav/xsim/elaborate.log'
ERROR: [USF-XSim-62] 'elaborate' step failed with error(s). Please check the Tcl console output or 'V:/SoC_Design/SoC_Design/SoC_Design.sim/sim_1/behav/xsim/elaborate.log' file for more information.
ERROR: [Vivado 12-4473] Detected error while running simulation. Please correct the issue and retry this operation.
ERROR: [Common 17-39] 'launch_simulation' failed due to earlier errors.
ERROR: [Common 17-69] Command failed: ERROR: [Common 17-39] 'launch_simulation' failed due to earlier errors.

relaunch_sim
Command: launch_simulation -step compile -simset sim_1 -mode behavioral
INFO: [Vivado 12-12493] Simulation top is 'CPU_TOP_tb'
WARNING: [Vivado 12-13340] Unable to auto find GCC executables from simulator install path! (path not set)
INFO: [Vivado 12-5682] Launching behavioral simulation in 'V:/SoC_Design/SoC_Design/SoC_Design.sim/sim_1/behav/xsim'
INFO: [SIM-utils-51] Simulation object is 'sim_1'
INFO: [USF-XSim-2] XSim::Compile design
INFO: [USF-XSim-61] Executing 'COMPILE and ANALYZE' step in 'V:/SoC_Design/SoC_Design/SoC_Design.sim/sim_1/behav/xsim'
"xvlog --incr --relax -L uvm -prj CPU_TOP_tb_vlog.prj"
INFO: [VRFC 10-2263] Analyzing SystemVerilog file "V:/SoC_Design/RTL/memory/DRAM.sv" into library xil_defaultlib
INFO: [VRFC 10-311] analyzing module DRAM
INFO: [VRFC 10-2263] Analyzing SystemVerilog file "V:/SoC_Design/RTL/core/adder.sv" into library xil_defaultlib
INFO: [VRFC 10-311] analyzing module adder21
INFO: [VRFC 10-2263] Analyzing SystemVerilog file "V:/SoC_Design/RTL/core/alu.sv" into library xil_defaultlib
INFO: [VRFC 10-311] analyzing module alu
INFO: [VRFC 10-2263] Analyzing SystemVerilog file "V:/SoC_Design/RTL/core/alu_ctr.sv" into library xil_defaultlib
INFO: [VRFC 10-311] analyzing module alu_ctr
INFO: [VRFC 10-2263] Analyzing SystemVerilog file "V:/SoC_Design/RTL/core/ctr_unit.sv" into library xil_defaultlib
INFO: [VRFC 10-311] analyzing module ctr_unit
INFO: [VRFC 10-2263] Analyzing SystemVerilog file "V:/SoC_Design/RTL/core/forward_unit.sv" into library xil_defaultlib
INFO: [VRFC 10-311] analyzing module lw_flag_unit
INFO: [VRFC 10-311] analyzing module rd_buffer
INFO: [VRFC 10-2263] Analyzing SystemVerilog file "V:/SoC_Design/RTL/core/inst_decoder.sv" into library xil_defaultlib
INFO: [VRFC 10-311] analyzing module inst_decoder
INFO: [VRFC 10-2263] Analyzing SystemVerilog file "V:/SoC_Design/RTL/core/mul_div_unit.sv" into library xil_defaultlib
INFO: [VRFC 10-311] analyzing module mul_div_unit
INFO: [VRFC 10-2263] Analyzing SystemVerilog file "V:/SoC_Design/RTL/core/mux.sv" into library xil_defaultlib
INFO: [VRFC 10-311] analyzing module mux21
INFO: [VRFC 10-2263] Analyzing SystemVerilog file "V:/SoC_Design/RTL/core/pc.sv" into library xil_defaultlib
INFO: [VRFC 10-311] analyzing module pc
INFO: [VRFC 10-2263] Analyzing SystemVerilog file "V:/SoC_Design/RTL/core/registers.sv" into library xil_defaultlib
INFO: [VRFC 10-311] analyzing module registers
INFO: [VRFC 10-2263] Analyzing SystemVerilog file "V:/SoC_Design/RTL/core/shift_left.sv" into library xil_defaultlib
INFO: [VRFC 10-311] analyzing module shift_left
INFO: [VRFC 10-2263] Analyzing SystemVerilog file "V:/SoC_Design/RTL/core/sign_extend.sv" into library xil_defaultlib
INFO: [VRFC 10-311] analyzing module sign_extend
INFO: [VRFC 10-2263] Analyzing SystemVerilog file "V:/SoC_Design/RTL/core/top_cpu.sv" into library xil_defaultlib
INFO: [VRFC 10-311] analyzing module top_cpu
INFO: [VRFC 10-2263] Analyzing SystemVerilog file "V:/SoC_Design/SIM/CPU_TOP_tb.sv" into library xil_defaultlib
INFO: [VRFC 10-311] analyzing module CPU_TOP_tb
INFO: [USF-XSim-69] 'compile' step finished in '2' seconds
Command: launch_simulation -step elaborate -simset sim_1 -mode behavioral
INFO: [Vivado 12-12493] Simulation top is 'CPU_TOP_tb'
WARNING: [Vivado 12-13340] Unable to auto find GCC executables from simulator install path! (path not set)
INFO: [Vivado 12-5682] Launching behavioral simulation in 'V:/SoC_Design/SoC_Design/SoC_Design.sim/sim_1/behav/xsim'
INFO: [SIM-utils-51] Simulation object is 'sim_1'
INFO: [USF-XSim-3] XSim::Elaborate design
INFO: [USF-XSim-61] Executing 'ELABORATE' step in 'V:/SoC_Design/SoC_Design/SoC_Design.sim/sim_1/behav/xsim'
"xelab --incr --debug typical --relax --mt 2 -L xil_defaultlib -L uvm -L unisims_ver -L unimacro_ver -L secureip --snapshot CPU_TOP_tb_behav xil_defaultlib.CPU_TOP_tb xil_defaultlib.glbl -log elaborate.log"
Vivado Simulator v2023.2
Copyright 1986-2022 Xilinx, Inc. All Rights Reserved.
Copyright 2022-2023 Advanced Micro Devices, Inc. All Rights Reserved.
Running: C:/Xilinx/Vivado/2023.2/bin/unwrapped/win64.o/xelab.exe --incr --debug typical --relax --mt 2 -L xil_defaultlib -L uvm -L unisims_ver -L unimacro_ver -L secureip --snapshot CPU_TOP_tb_behav xil_defaultlib.CPU_TOP_tb xil_defaultlib.glbl -log elaborate.log 
Using 2 slave threads.
Starting static elaboration
Pass Through NonSizing Optimizer
Completed static elaboration
Starting simulation data flow analysis
Completed simulation data flow analysis
Time Resolution for simulation is 1ps
Compiling module xil_defaultlib.pc(ADDR_BIT=12)
Compiling module xil_defaultlib.adder21(ADDR_BIT=12)
Compiling module xil_defaultlib.shift_left(ADDR_BIT=26)
Compiling module xil_defaultlib.shift_left(ADDR_BIT=32)
Compiling module xil_defaultlib.adder21(ADDR_BIT=32)
Compiling module xil_defaultlib.inst_decoder(DATA_BIT=32,OPCODE_...
Compiling module xil_defaultlib.ctr_unit(DATA_BIT=32,OPCODE_BIT=...
Compiling module xil_defaultlib.alu_ctr
Compiling module xil_defaultlib.sign_extend
Compiling module xil_defaultlib.mux21(DATA_BIT=5)
Compiling module xil_defaultlib.registers(DATA_BIT=32,REG_BIT=5)
Compiling module xil_defaultlib.mux21(DATA_BIT=32)
Compiling module xil_defaultlib.alu(DATA_BIT=32)
Compiling module xil_defaultlib.mul_div_unit(DATA_BIT=32)
Compiling module xil_defaultlib.mux21(DATA_BIT=12)
Compiling module xil_defaultlib.lw_flag_unit
Compiling module xil_defaultlib.rd_buffer(REG_BIT=5)
Compiling module xil_defaultlib.top_cpu(ADDR_BIT=12)
Compiling module xil_defaultlib.DRAM(ADDR_SIZE=12)
Compiling module xil_defaultlib.CPU_TOP_tb
Compiling module xil_defaultlib.glbl
Built simulation snapshot CPU_TOP_tb_behav
INFO: [USF-XSim-69] 'elaborate' step finished in '3' seconds
Time resolution is 1 ps
relaunch_sim: Time (s): cpu = 00:00:01 ; elapsed = 00:00:06 . Memory (MB): peak = 2420.945 ; gain = 0.000
relaunch_sim
Command: launch_simulation -step compile -simset sim_1 -mode behavioral
INFO: [Vivado 12-12493] Simulation top is 'CPU_TOP_tb'
WARNING: [Vivado 12-13340] Unable to auto find GCC executables from simulator install path! (path not set)
INFO: [Vivado 12-5682] Launching behavioral simulation in 'V:/SoC_Design/SoC_Design/SoC_Design.sim/sim_1/behav/xsim'
INFO: [SIM-utils-51] Simulation object is 'sim_1'
INFO: [USF-XSim-2] XSim::Compile design
INFO: [USF-XSim-61] Executing 'COMPILE and ANALYZE' step in 'V:/SoC_Design/SoC_Design/SoC_Design.sim/sim_1/behav/xsim'
"xvlog --incr --relax -L uvm -prj CPU_TOP_tb_vlog.prj"
INFO: [VRFC 10-2263] Analyzing SystemVerilog file "V:/SoC_Design/RTL/memory/DRAM.sv" into library xil_defaultlib
INFO: [VRFC 10-311] analyzing module DRAM
INFO: [VRFC 10-2263] Analyzing SystemVerilog file "V:/SoC_Design/RTL/core/adder.sv" into library xil_defaultlib
INFO: [VRFC 10-311] analyzing module adder21
INFO: [VRFC 10-2263] Analyzing SystemVerilog file "V:/SoC_Design/RTL/core/alu.sv" into library xil_defaultlib
INFO: [VRFC 10-311] analyzing module alu
INFO: [VRFC 10-2263] Analyzing SystemVerilog file "V:/SoC_Design/RTL/core/alu_ctr.sv" into library xil_defaultlib
INFO: [VRFC 10-311] analyzing module alu_ctr
INFO: [VRFC 10-2263] Analyzing SystemVerilog file "V:/SoC_Design/RTL/core/ctr_unit.sv" into library xil_defaultlib
INFO: [VRFC 10-311] analyzing module ctr_unit
INFO: [VRFC 10-2263] Analyzing SystemVerilog file "V:/SoC_Design/RTL/core/forward_unit.sv" into library xil_defaultlib
INFO: [VRFC 10-311] analyzing module lw_flag_unit
INFO: [VRFC 10-311] analyzing module rd_buffer
INFO: [VRFC 10-2263] Analyzing SystemVerilog file "V:/SoC_Design/RTL/core/inst_decoder.sv" into library xil_defaultlib
INFO: [VRFC 10-311] analyzing module inst_decoder
INFO: [VRFC 10-2263] Analyzing SystemVerilog file "V:/SoC_Design/RTL/core/mul_div_unit.sv" into library xil_defaultlib
INFO: [VRFC 10-311] analyzing module mul_div_unit
INFO: [VRFC 10-2263] Analyzing SystemVerilog file "V:/SoC_Design/RTL/core/mux.sv" into library xil_defaultlib
INFO: [VRFC 10-311] analyzing module mux21
INFO: [VRFC 10-2263] Analyzing SystemVerilog file "V:/SoC_Design/RTL/core/pc.sv" into library xil_defaultlib
INFO: [VRFC 10-311] analyzing module pc
INFO: [VRFC 10-2263] Analyzing SystemVerilog file "V:/SoC_Design/RTL/core/registers.sv" into library xil_defaultlib
INFO: [VRFC 10-311] analyzing module registers
INFO: [VRFC 10-2263] Analyzing SystemVerilog file "V:/SoC_Design/RTL/core/shift_left.sv" into library xil_defaultlib
INFO: [VRFC 10-311] analyzing module shift_left
INFO: [VRFC 10-2263] Analyzing SystemVerilog file "V:/SoC_Design/RTL/core/sign_extend.sv" into library xil_defaultlib
INFO: [VRFC 10-311] analyzing module sign_extend
INFO: [VRFC 10-2263] Analyzing SystemVerilog file "V:/SoC_Design/RTL/core/top_cpu.sv" into library xil_defaultlib
INFO: [VRFC 10-311] analyzing module top_cpu
INFO: [VRFC 10-2263] Analyzing SystemVerilog file "V:/SoC_Design/SIM/CPU_TOP_tb.sv" into library xil_defaultlib
INFO: [VRFC 10-311] analyzing module CPU_TOP_tb
INFO: [USF-XSim-69] 'compile' step finished in '2' seconds
Command: launch_simulation -step elaborate -simset sim_1 -mode behavioral
INFO: [Vivado 12-12493] Simulation top is 'CPU_TOP_tb'
WARNING: [Vivado 12-13340] Unable to auto find GCC executables from simulator install path! (path not set)
INFO: [Vivado 12-5682] Launching behavioral simulation in 'V:/SoC_Design/SoC_Design/SoC_Design.sim/sim_1/behav/xsim'
INFO: [SIM-utils-51] Simulation object is 'sim_1'
INFO: [USF-XSim-3] XSim::Elaborate design
INFO: [USF-XSim-61] Executing 'ELABORATE' step in 'V:/SoC_Design/SoC_Design/SoC_Design.sim/sim_1/behav/xsim'
"xelab --incr --debug typical --relax --mt 2 -L xil_defaultlib -L uvm -L unisims_ver -L unimacro_ver -L secureip --snapshot CPU_TOP_tb_behav xil_defaultlib.CPU_TOP_tb xil_defaultlib.glbl -log elaborate.log"
Vivado Simulator v2023.2
Copyright 1986-2022 Xilinx, Inc. All Rights Reserved.
Copyright 2022-2023 Advanced Micro Devices, Inc. All Rights Reserved.
Running: C:/Xilinx/Vivado/2023.2/bin/unwrapped/win64.o/xelab.exe --incr --debug typical --relax --mt 2 -L xil_defaultlib -L uvm -L unisims_ver -L unimacro_ver -L secureip --snapshot CPU_TOP_tb_behav xil_defaultlib.CPU_TOP_tb xil_defaultlib.glbl -log elaborate.log 
Using 2 slave threads.
Starting static elaboration
Pass Through NonSizing Optimizer
Completed static elaboration
Starting simulation data flow analysis
Completed simulation data flow analysis
Time Resolution for simulation is 1ps
Compiling module xil_defaultlib.pc(ADDR_BIT=12)
Compiling module xil_defaultlib.adder21(ADDR_BIT=12)
Compiling module xil_defaultlib.shift_left(ADDR_BIT=26)
Compiling module xil_defaultlib.shift_left(ADDR_BIT=32)
Compiling module xil_defaultlib.adder21(ADDR_BIT=32)
Compiling module xil_defaultlib.inst_decoder(DATA_BIT=32,OPCODE_...
Compiling module xil_defaultlib.ctr_unit(DATA_BIT=32,OPCODE_BIT=...
Compiling module xil_defaultlib.alu_ctr
Compiling module xil_defaultlib.sign_extend
Compiling module xil_defaultlib.mux21(DATA_BIT=5)
Compiling module xil_defaultlib.registers(DATA_BIT=32,REG_BIT=5)
Compiling module xil_defaultlib.mux21(DATA_BIT=32)
Compiling module xil_defaultlib.alu(DATA_BIT=32)
Compiling module xil_defaultlib.mul_div_unit(DATA_BIT=32)
Compiling module xil_defaultlib.mux21(DATA_BIT=12)
Compiling module xil_defaultlib.lw_flag_unit
Compiling module xil_defaultlib.rd_buffer(REG_BIT=5)
Compiling module xil_defaultlib.top_cpu(ADDR_BIT=12)
Compiling module xil_defaultlib.DRAM(ADDR_SIZE=12)
Compiling module xil_defaultlib.CPU_TOP_tb
Compiling module xil_defaultlib.glbl
Built simulation snapshot CPU_TOP_tb_behav
INFO: [USF-XSim-69] 'elaborate' step finished in '3' seconds
Time resolution is 1 ps
relaunch_sim: Time (s): cpu = 00:00:01 ; elapsed = 00:00:08 . Memory (MB): peak = 2420.945 ; gain = 0.000
save_wave_config {V:/SoC_Design/SoC_Design/CPU_TOP_tb_behav.wcfg}
close_sim
INFO: [Simtcl 6-16] Simulation closed
exit
INFO: [Common 17-206] Exiting Vivado at Sat Apr 25 21:09:07 2026...
