#-----------------------------------------------------------
# Vivado v2023.2 (64-bit)
# SW Build 4029153 on Fri Oct 13 20:14:34 MDT 2023
# IP Build 4028589 on Sat Oct 14 00:45:43 MDT 2023
# SharedData Build 4025554 on Tue Oct 10 17:18:54 MDT 2023
# Start of session at: Tue Apr 28 19:08:08 2026
# Process ID: 12872
# Current directory: V:/SoC_Design/SoC_Design
# Command line: vivado.exe -gui_launcher_event rodinguilauncherevent6584 V:\SoC_Design\SoC_Design\SoC_Design.xpr
# Log file: V:/SoC_Design/SoC_Design/vivado.log
# Journal file: V:/SoC_Design/SoC_Design\vivado.jou
# Running On: LAPTOP-3K39264L, OS: Windows, CPU Frequency: 2419 MHz, CPU Physical cores: 4, Host memory: 8299 MB
#-----------------------------------------------------------
start_gui
open_project V:/SoC_Design/SoC_Design/SoC_Design.xpr
WARNING: [Board 49-26] cannot add Board Part xilinx.com:vek280_es:part0:1.0 available at C:/Xilinx/Vivado/2023.2/data/xhub/boards/XilinxBoardStore/boards/Xilinx/vek280/es/rev_a/1.0/board.xml as part xcve2802-vsvh1760-2lp-e-s-es1 specified in board_part file is either invalid or not available
WARNING: [Board 49-26] cannot add Board Part xilinx.com:vek280_es:part0:1.1 available at C:/Xilinx/Vivado/2023.2/data/xhub/boards/XilinxBoardStore/boards/Xilinx/vek280/es/rev_a/1.1/board.xml as part xcve2802-vsvh1760-2lp-e-s-es1 specified in board_part file is either invalid or not available
WARNING: [Board 49-26] cannot add Board Part xilinx.com:vek280_es_revb:part0:1.0 available at C:/Xilinx/Vivado/2023.2/data/xhub/boards/XilinxBoardStore/boards/Xilinx/vek280/es/rev_b/1.0/board.xml as part xcve2802-vsvh1760-2mp-e-s-es1 specified in board_part file is either invalid or not available
WARNING: [Board 49-26] cannot add Board Part xilinx.com:vek280_es_revb:part0:1.1 available at C:/Xilinx/Vivado/2023.2/data/xhub/boards/XilinxBoardStore/boards/Xilinx/vek280/es/rev_b/1.1/board.xml as part xcve2802-vsvh1760-2mp-e-s-es1 specified in board_part file is either invalid or not available
WARNING: [Board 49-26] cannot add Board Part xilinx.com:vhk158_es:part0:1.0 available at C:/Xilinx/Vivado/2023.2/data/xhub/boards/XilinxBoardStore/boards/Xilinx/vhk158/es/1.0/board.xml as part xcvh1582-vsva3697-2mp-e-s-es1 specified in board_part file is either invalid or not available
WARNING: [Board 49-26] cannot add Board Part xilinx.com:vhk158_es:part0:1.1 available at C:/Xilinx/Vivado/2023.2/data/xhub/boards/XilinxBoardStore/boards/Xilinx/vhk158/es/1.1/board.xml as part xcvh1582-vsva3697-2mp-e-s-es1 specified in board_part file is either invalid or not available
WARNING: [Board 49-26] cannot add Board Part xilinx.com:zcu208ld:part0:2.0 available at C:/Xilinx/Vivado/2023.2/data/xhub/boards/XilinxBoardStore/boards/Xilinx/zcu208ld/production/2.0/board.xml as part xczu58dr-fsvg1517-2-i specified in board_part file is either invalid or not available
WARNING: [Board 49-26] cannot add Board Part xilinx.com:zcu216ld:part0:2.0 available at C:/Xilinx/Vivado/2023.2/data/xhub/boards/XilinxBoardStore/boards/Xilinx/zcu216ld/production/2.0/board.xml as part xczu59dr-ffvf1760-2-i specified in board_part file is either invalid or not available
WARNING: [Board 49-26] cannot add Board Part xilinx.com:zcu670:part0:2.0 available at C:/Xilinx/Vivado/2023.2/data/xhub/boards/XilinxBoardStore/boards/Xilinx/zcu670/2.0/board.xml as part xczu67dr-fsve1156-2-i specified in board_part file is either invalid or not available
WARNING: [Board 49-26] cannot add Board Part xilinx.com:zcu670ld:part0:1.0 available at C:/Xilinx/Vivado/2023.2/data/xhub/boards/XilinxBoardStore/boards/Xilinx/zcu670ld/1.0/board.xml as part xczu57dr-fsve1156-2-i specified in board_part file is either invalid or not available
INFO: [filemgmt 56-3] Default IP Output Path : Could not find the directory 'V:/SoC_Design/SoC_Design/SoC_Design.gen/sources_1'.
Scanning sources...
Finished scanning sources
INFO: [IP_Flow 19-234] Refreshing IP repositories
INFO: [IP_Flow 19-1704] No user IP repositories specified
INFO: [IP_Flow 19-2313] Loaded Vivado IP repository 'C:/Xilinx/Vivado/2023.2/data/ip'.
open_project: Time (s): cpu = 00:00:42 ; elapsed = 00:00:23 . Memory (MB): peak = 1536.363 ; gain = 321.320
update_compile_order -fileset sources_1
update_compile_order -fileset sources_1
update_compile_order -fileset sources_1
update_compile_order -fileset sources_1
update_compile_order -fileset sources_1
update_compile_order -fileset sources_1
update_compile_order -fileset sources_1
update_compile_order -fileset sources_1
update_compile_order -fileset sources_1
update_compile_order -fileset sources_1
add_files -norecurse V:/SoC_Design/RTL/core/bridge.sv
launch_simulation
Command: launch_simulation 
INFO: [Vivado 12-12493] Simulation top is 'tb_top_cpu'
WARNING: [Vivado 12-13340] Unable to auto find GCC executables from simulator install path! (path not set)
INFO: [Vivado 12-5682] Launching behavioral simulation in 'V:/SoC_Design/SoC_Design/SoC_Design.sim/sim_1/behav/xsim'
INFO: [SIM-utils-51] Simulation object is 'sim_1'
INFO: [SIM-utils-72] Using boost library from 'C:/Xilinx/Vivado/2023.2/tps/boost_1_72_0'
INFO: [SIM-utils-54] Inspecting design source files for 'tb_top_cpu' in fileset 'sim_1'...
INFO: [USF-XSim-97] Finding global include files...
INFO: [USF-XSim-98] Fetching design files from 'sim_1'...
INFO: [USF-XSim-2] XSim::Compile design
INFO: [USF-XSim-61] Executing 'COMPILE and ANALYZE' step in 'V:/SoC_Design/SoC_Design/SoC_Design.sim/sim_1/behav/xsim'
"xvlog --incr --relax -L uvm -prj tb_top_cpu_vlog.prj"
INFO: [VRFC 10-2263] Analyzing SystemVerilog file "V:/SoC_Design/RTL/memory/DRAM.sv" into library xil_defaultlib
INFO: [VRFC 10-311] analyzing module DRAM
INFO: [VRFC 10-2263] Analyzing SystemVerilog file "V:/SoC_Design/RTL/core/adder.sv" into library xil_defaultlib
INFO: [VRFC 10-311] analyzing module adder21
INFO: [VRFC 10-2263] Analyzing SystemVerilog file "V:/SoC_Design/RTL/core/alu.sv" into library xil_defaultlib
INFO: [VRFC 10-311] analyzing module alu
INFO: [VRFC 10-2263] Analyzing SystemVerilog file "V:/SoC_Design/RTL/core/alu_ctr.sv" into library xil_defaultlib
INFO: [VRFC 10-311] analyzing module alu_ctr
INFO: [VRFC 10-2263] Analyzing SystemVerilog file "V:/SoC_Design/RTL/core/bridge.sv" into library xil_defaultlib
INFO: [VRFC 10-311] analyzing module if_id
ERROR: [VRFC 10-2989] 'r_pc_addr_addr' is not declared [V:/SoC_Design/RTL/core/bridge.sv:22]
ERROR: [VRFC 10-2989] 'r_pc_addr_addr' is not declared [V:/SoC_Design/RTL/core/bridge.sv:26]
ERROR: [VRFC 10-2989] 'r_imem_data' is not declared [V:/SoC_Design/RTL/core/bridge.sv:32]
ERROR: [VRFC 10-8530] module 'if_id' is ignored due to previous errors [V:/SoC_Design/RTL/core/bridge.sv:5]
INFO: [VRFC 10-311] analyzing module id_ex
ERROR: [VRFC 10-2989] 'r_alurc' is not declared [V:/SoC_Design/RTL/core/bridge.sv:85]
ERROR: [VRFC 10-2989] 'i_pc_addr_addr' is not declared [V:/SoC_Design/RTL/core/bridge.sv:107]
ERROR: [VRFC 10-8530] module 'id_ex' is ignored due to previous errors [V:/SoC_Design/RTL/core/bridge.sv:39]
INFO: [VRFC 10-311] analyzing module ex_mem
ERROR: [VRFC 10-8530] module 'ex_mem' is ignored due to previous errors [V:/SoC_Design/RTL/core/bridge.sv:135]
INFO: [VRFC 10-311] analyzing module mem_wb
ERROR: [VRFC 10-8530] module 'mem_wb' is ignored due to previous errors [V:/SoC_Design/RTL/core/bridge.sv:185]
INFO: [USF-XSim-69] 'compile' step finished in '3' seconds
INFO: [USF-XSim-99] Step results log file:'V:/SoC_Design/SoC_Design/SoC_Design.sim/sim_1/behav/xsim/xvlog.log'
ERROR: [USF-XSim-62] 'compile' step failed with error(s). Please check the Tcl console output or 'V:/SoC_Design/SoC_Design/SoC_Design.sim/sim_1/behav/xsim/xvlog.log' file for more information.
ERROR: [Vivado 12-4473] Detected error while running simulation. Please correct the issue and retry this operation.
ERROR: [Common 17-39] 'launch_simulation' failed due to earlier errors.
launch_simulation
Command: launch_simulation 
INFO: [Vivado 12-12493] Simulation top is 'tb_top_cpu'
WARNING: [Vivado 12-13340] Unable to auto find GCC executables from simulator install path! (path not set)
INFO: [Vivado 12-5682] Launching behavioral simulation in 'V:/SoC_Design/SoC_Design/SoC_Design.sim/sim_1/behav/xsim'
INFO: [SIM-utils-51] Simulation object is 'sim_1'
INFO: [SIM-utils-72] Using boost library from 'C:/Xilinx/Vivado/2023.2/tps/boost_1_72_0'
INFO: [SIM-utils-54] Inspecting design source files for 'tb_top_cpu' in fileset 'sim_1'...
INFO: [USF-XSim-97] Finding global include files...
INFO: [USF-XSim-98] Fetching design files from 'sim_1'...
INFO: [USF-XSim-2] XSim::Compile design
INFO: [USF-XSim-61] Executing 'COMPILE and ANALYZE' step in 'V:/SoC_Design/SoC_Design/SoC_Design.sim/sim_1/behav/xsim'
"xvlog --incr --relax -L uvm -prj tb_top_cpu_vlog.prj"
INFO: [VRFC 10-2263] Analyzing SystemVerilog file "V:/SoC_Design/RTL/memory/DRAM.sv" into library xil_defaultlib
INFO: [VRFC 10-311] analyzing module DRAM
INFO: [VRFC 10-2263] Analyzing SystemVerilog file "V:/SoC_Design/RTL/core/adder.sv" into library xil_defaultlib
INFO: [VRFC 10-311] analyzing module adder21
INFO: [VRFC 10-2263] Analyzing SystemVerilog file "V:/SoC_Design/RTL/core/alu.sv" into library xil_defaultlib
INFO: [VRFC 10-311] analyzing module alu
INFO: [VRFC 10-2263] Analyzing SystemVerilog file "V:/SoC_Design/RTL/core/alu_ctr.sv" into library xil_defaultlib
INFO: [VRFC 10-311] analyzing module alu_ctr
INFO: [VRFC 10-2263] Analyzing SystemVerilog file "V:/SoC_Design/RTL/core/bridge.sv" into library xil_defaultlib
INFO: [VRFC 10-311] analyzing module if_id
INFO: [VRFC 10-311] analyzing module id_ex
INFO: [VRFC 10-311] analyzing module ex_mem
INFO: [VRFC 10-311] analyzing module mem_wb
INFO: [VRFC 10-2263] Analyzing SystemVerilog file "V:/SoC_Design/RTL/core/ctr_unit.sv" into library xil_defaultlib
INFO: [VRFC 10-311] analyzing module ctr_unit
INFO: [VRFC 10-2263] Analyzing SystemVerilog file "V:/SoC_Design/RTL/core/inst_decoder.sv" into library xil_defaultlib
INFO: [VRFC 10-311] analyzing module inst_decoder
INFO: [VRFC 10-2263] Analyzing SystemVerilog file "V:/SoC_Design/RTL/core/mul_div_unit.sv" into library xil_defaultlib
INFO: [VRFC 10-311] analyzing module mul_div_unit
INFO: [VRFC 10-2263] Analyzing SystemVerilog file "V:/SoC_Design/RTL/core/mux.sv" into library xil_defaultlib
INFO: [VRFC 10-311] analyzing module mux21
INFO: [VRFC 10-2263] Analyzing SystemVerilog file "V:/SoC_Design/RTL/core/pc.sv" into library xil_defaultlib
INFO: [VRFC 10-311] analyzing module pc
INFO: [VRFC 10-2263] Analyzing SystemVerilog file "V:/SoC_Design/RTL/core/registers.sv" into library xil_defaultlib
INFO: [VRFC 10-311] analyzing module registers
INFO: [VRFC 10-2263] Analyzing SystemVerilog file "V:/SoC_Design/RTL/core/shift_left.sv" into library xil_defaultlib
INFO: [VRFC 10-311] analyzing module shift_left
INFO: [VRFC 10-2263] Analyzing SystemVerilog file "V:/SoC_Design/RTL/core/sign_extend.sv" into library xil_defaultlib
INFO: [VRFC 10-311] analyzing module sign_extend
INFO: [VRFC 10-2263] Analyzing SystemVerilog file "V:/SoC_Design/RTL/core/top_cpu.sv" into library xil_defaultlib
INFO: [VRFC 10-311] analyzing module top_cpu
ERROR: [VRFC 10-8414] extra comma in port association list is not allowed [V:/SoC_Design/RTL/core/top_cpu.sv:351]
ERROR: [VRFC 10-2989] 'w_jump_addr' is not declared [V:/SoC_Design/RTL/core/top_cpu.sv:287]
ERROR: [VRFC 10-8530] module 'top_cpu' is ignored due to previous errors [V:/SoC_Design/RTL/core/top_cpu.sv:2]
INFO: [USF-XSim-69] 'compile' step finished in '2' seconds
INFO: [USF-XSim-99] Step results log file:'V:/SoC_Design/SoC_Design/SoC_Design.sim/sim_1/behav/xsim/xvlog.log'
ERROR: [USF-XSim-62] 'compile' step failed with error(s). Please check the Tcl console output or 'V:/SoC_Design/SoC_Design/SoC_Design.sim/sim_1/behav/xsim/xvlog.log' file for more information.
ERROR: [Vivado 12-4473] Detected error while running simulation. Please correct the issue and retry this operation.
ERROR: [Common 17-39] 'launch_simulation' failed due to earlier errors.
launch_simulation
Command: launch_simulation 
INFO: [Vivado 12-12493] Simulation top is 'tb_top_cpu'
WARNING: [Vivado 12-13340] Unable to auto find GCC executables from simulator install path! (path not set)
INFO: [Vivado 12-5682] Launching behavioral simulation in 'V:/SoC_Design/SoC_Design/SoC_Design.sim/sim_1/behav/xsim'
INFO: [SIM-utils-51] Simulation object is 'sim_1'
INFO: [SIM-utils-72] Using boost library from 'C:/Xilinx/Vivado/2023.2/tps/boost_1_72_0'
INFO: [SIM-utils-54] Inspecting design source files for 'tb_top_cpu' in fileset 'sim_1'...
INFO: [USF-XSim-97] Finding global include files...
INFO: [USF-XSim-98] Fetching design files from 'sim_1'...
INFO: [USF-XSim-2] XSim::Compile design
INFO: [USF-XSim-61] Executing 'COMPILE and ANALYZE' step in 'V:/SoC_Design/SoC_Design/SoC_Design.sim/sim_1/behav/xsim'
"xvlog --incr --relax -L uvm -prj tb_top_cpu_vlog.prj"
INFO: [VRFC 10-2263] Analyzing SystemVerilog file "V:/SoC_Design/RTL/memory/DRAM.sv" into library xil_defaultlib
INFO: [VRFC 10-311] analyzing module DRAM
INFO: [VRFC 10-2263] Analyzing SystemVerilog file "V:/SoC_Design/RTL/core/adder.sv" into library xil_defaultlib
INFO: [VRFC 10-311] analyzing module adder21
INFO: [VRFC 10-2263] Analyzing SystemVerilog file "V:/SoC_Design/RTL/core/alu.sv" into library xil_defaultlib
INFO: [VRFC 10-311] analyzing module alu
INFO: [VRFC 10-2263] Analyzing SystemVerilog file "V:/SoC_Design/RTL/core/alu_ctr.sv" into library xil_defaultlib
INFO: [VRFC 10-311] analyzing module alu_ctr
INFO: [VRFC 10-2263] Analyzing SystemVerilog file "V:/SoC_Design/RTL/core/bridge.sv" into library xil_defaultlib
INFO: [VRFC 10-311] analyzing module if_id
INFO: [VRFC 10-311] analyzing module id_ex
INFO: [VRFC 10-311] analyzing module ex_mem
INFO: [VRFC 10-311] analyzing module mem_wb
INFO: [VRFC 10-2263] Analyzing SystemVerilog file "V:/SoC_Design/RTL/core/ctr_unit.sv" into library xil_defaultlib
INFO: [VRFC 10-311] analyzing module ctr_unit
INFO: [VRFC 10-2263] Analyzing SystemVerilog file "V:/SoC_Design/RTL/core/inst_decoder.sv" into library xil_defaultlib
INFO: [VRFC 10-311] analyzing module inst_decoder
INFO: [VRFC 10-2263] Analyzing SystemVerilog file "V:/SoC_Design/RTL/core/mul_div_unit.sv" into library xil_defaultlib
INFO: [VRFC 10-311] analyzing module mul_div_unit
INFO: [VRFC 10-2263] Analyzing SystemVerilog file "V:/SoC_Design/RTL/core/mux.sv" into library xil_defaultlib
INFO: [VRFC 10-311] analyzing module mux21
INFO: [VRFC 10-2263] Analyzing SystemVerilog file "V:/SoC_Design/RTL/core/pc.sv" into library xil_defaultlib
INFO: [VRFC 10-311] analyzing module pc
INFO: [VRFC 10-2263] Analyzing SystemVerilog file "V:/SoC_Design/RTL/core/registers.sv" into library xil_defaultlib
INFO: [VRFC 10-311] analyzing module registers
INFO: [VRFC 10-2263] Analyzing SystemVerilog file "V:/SoC_Design/RTL/core/shift_left.sv" into library xil_defaultlib
INFO: [VRFC 10-311] analyzing module shift_left
INFO: [VRFC 10-2263] Analyzing SystemVerilog file "V:/SoC_Design/RTL/core/sign_extend.sv" into library xil_defaultlib
INFO: [VRFC 10-311] analyzing module sign_extend
INFO: [VRFC 10-2263] Analyzing SystemVerilog file "V:/SoC_Design/RTL/core/top_cpu.sv" into library xil_defaultlib
INFO: [VRFC 10-311] analyzing module top_cpu
ERROR: [VRFC 10-8414] extra comma in port association list is not allowed [V:/SoC_Design/RTL/core/top_cpu.sv:351]
ERROR: [VRFC 10-8530] module 'top_cpu' is ignored due to previous errors [V:/SoC_Design/RTL/core/top_cpu.sv:2]
INFO: [USF-XSim-69] 'compile' step finished in '2' seconds
INFO: [USF-XSim-99] Step results log file:'V:/SoC_Design/SoC_Design/SoC_Design.sim/sim_1/behav/xsim/xvlog.log'
ERROR: [USF-XSim-62] 'compile' step failed with error(s). Please check the Tcl console output or 'V:/SoC_Design/SoC_Design/SoC_Design.sim/sim_1/behav/xsim/xvlog.log' file for more information.
ERROR: [Vivado 12-4473] Detected error while running simulation. Please correct the issue and retry this operation.
ERROR: [Common 17-39] 'launch_simulation' failed due to earlier errors.
launch_simulation
Command: launch_simulation 
INFO: [Vivado 12-12493] Simulation top is 'tb_top_cpu'
WARNING: [Vivado 12-13340] Unable to auto find GCC executables from simulator install path! (path not set)
INFO: [Vivado 12-5682] Launching behavioral simulation in 'V:/SoC_Design/SoC_Design/SoC_Design.sim/sim_1/behav/xsim'
INFO: [SIM-utils-51] Simulation object is 'sim_1'
INFO: [SIM-utils-72] Using boost library from 'C:/Xilinx/Vivado/2023.2/tps/boost_1_72_0'
INFO: [SIM-utils-54] Inspecting design source files for 'tb_top_cpu' in fileset 'sim_1'...
INFO: [USF-XSim-97] Finding global include files...
INFO: [USF-XSim-98] Fetching design files from 'sim_1'...
INFO: [USF-XSim-2] XSim::Compile design
INFO: [USF-XSim-61] Executing 'COMPILE and ANALYZE' step in 'V:/SoC_Design/SoC_Design/SoC_Design.sim/sim_1/behav/xsim'
"xvlog --incr --relax -L uvm -prj tb_top_cpu_vlog.prj"
INFO: [VRFC 10-2263] Analyzing SystemVerilog file "V:/SoC_Design/RTL/memory/DRAM.sv" into library xil_defaultlib
INFO: [VRFC 10-311] analyzing module DRAM
INFO: [VRFC 10-2263] Analyzing SystemVerilog file "V:/SoC_Design/RTL/core/adder.sv" into library xil_defaultlib
INFO: [VRFC 10-311] analyzing module adder21
INFO: [VRFC 10-2263] Analyzing SystemVerilog file "V:/SoC_Design/RTL/core/alu.sv" into library xil_defaultlib
INFO: [VRFC 10-311] analyzing module alu
INFO: [VRFC 10-2263] Analyzing SystemVerilog file "V:/SoC_Design/RTL/core/alu_ctr.sv" into library xil_defaultlib
INFO: [VRFC 10-311] analyzing module alu_ctr
INFO: [VRFC 10-2263] Analyzing SystemVerilog file "V:/SoC_Design/RTL/core/bridge.sv" into library xil_defaultlib
INFO: [VRFC 10-311] analyzing module if_id
INFO: [VRFC 10-311] analyzing module id_ex
INFO: [VRFC 10-311] analyzing module ex_mem
INFO: [VRFC 10-311] analyzing module mem_wb
INFO: [VRFC 10-2263] Analyzing SystemVerilog file "V:/SoC_Design/RTL/core/ctr_unit.sv" into library xil_defaultlib
INFO: [VRFC 10-311] analyzing module ctr_unit
INFO: [VRFC 10-2263] Analyzing SystemVerilog file "V:/SoC_Design/RTL/core/inst_decoder.sv" into library xil_defaultlib
INFO: [VRFC 10-311] analyzing module inst_decoder
INFO: [VRFC 10-2263] Analyzing SystemVerilog file "V:/SoC_Design/RTL/core/mul_div_unit.sv" into library xil_defaultlib
INFO: [VRFC 10-311] analyzing module mul_div_unit
INFO: [VRFC 10-2263] Analyzing SystemVerilog file "V:/SoC_Design/RTL/core/mux.sv" into library xil_defaultlib
INFO: [VRFC 10-311] analyzing module mux21
INFO: [VRFC 10-2263] Analyzing SystemVerilog file "V:/SoC_Design/RTL/core/pc.sv" into library xil_defaultlib
INFO: [VRFC 10-311] analyzing module pc
INFO: [VRFC 10-2263] Analyzing SystemVerilog file "V:/SoC_Design/RTL/core/registers.sv" into library xil_defaultlib
INFO: [VRFC 10-311] analyzing module registers
INFO: [VRFC 10-2263] Analyzing SystemVerilog file "V:/SoC_Design/RTL/core/shift_left.sv" into library xil_defaultlib
INFO: [VRFC 10-311] analyzing module shift_left
INFO: [VRFC 10-2263] Analyzing SystemVerilog file "V:/SoC_Design/RTL/core/sign_extend.sv" into library xil_defaultlib
INFO: [VRFC 10-311] analyzing module sign_extend
INFO: [VRFC 10-2263] Analyzing SystemVerilog file "V:/SoC_Design/RTL/core/top_cpu.sv" into library xil_defaultlib
INFO: [VRFC 10-311] analyzing module top_cpu
INFO: [VRFC 10-2263] Analyzing SystemVerilog file "V:/SoC_Design/SIM/tb_top_cpu.sv" into library xil_defaultlib
INFO: [VRFC 10-311] analyzing module tb_top_cpu
INFO: [USF-XSim-69] 'compile' step finished in '2' seconds
INFO: [USF-XSim-3] XSim::Elaborate design
INFO: [USF-XSim-61] Executing 'ELABORATE' step in 'V:/SoC_Design/SoC_Design/SoC_Design.sim/sim_1/behav/xsim'
"xelab --incr --debug typical --relax --mt 2 -L xil_defaultlib -L uvm -L unisims_ver -L unimacro_ver -L secureip --snapshot tb_top_cpu_behav xil_defaultlib.tb_top_cpu xil_defaultlib.glbl -log elaborate.log"
Vivado Simulator v2023.2
Copyright 1986-2022 Xilinx, Inc. All Rights Reserved.
Copyright 2022-2023 Advanced Micro Devices, Inc. All Rights Reserved.
Running: C:/Xilinx/Vivado/2023.2/bin/unwrapped/win64.o/xelab.exe --incr --debug typical --relax --mt 2 -L xil_defaultlib -L uvm -L unisims_ver -L unimacro_ver -L secureip --snapshot tb_top_cpu_behav xil_defaultlib.tb_top_cpu xil_defaultlib.glbl -log elaborate.log 
Using 2 slave threads.
Starting static elaboration
Pass Through NonSizing Optimizer
ERROR: [VRFC 10-3180] cannot find port 'o_regs_rdata2' on this module [V:/SoC_Design/RTL/core/top_cpu.sv:247]
ERROR: [VRFC 10-3180] cannot find port 'o_regs_rdata1' on this module [V:/SoC_Design/RTL/core/top_cpu.sv:246]
ERROR: [VRFC 10-3180] cannot find port 'o_pc_addr_addr' on this module [V:/SoC_Design/RTL/core/top_cpu.sv:244]
ERROR: [VRFC 10-8530] module 'DRAM(ADDR_SIZE=12)' is ignored due to previous errors [V:/SoC_Design/RTL/memory/DRAM.sv:2]
ERROR: [VRFC 10-8530] module 'pc(ADDR_BIT=12)' is ignored due to previous errors [V:/SoC_Design/RTL/core/pc.sv:3]
ERROR: [VRFC 10-8530] module 'adder21(ADDR_BIT=12)' is ignored due to previous errors [V:/SoC_Design/RTL/core/adder.sv:3]
ERROR: [VRFC 10-8530] module 'if_id(ADDR_BIT=12)' is ignored due to previous errors [V:/SoC_Design/RTL/core/bridge.sv:5]
ERROR: [VRFC 10-8530] module 'shift_left(ADDR_BIT=26)' is ignored due to previous errors [V:/SoC_Design/RTL/core/shift_left.sv:3]
ERROR: [VRFC 10-8530] module 'inst_decoder(DATA_BIT=32,OPCODE_BIT=6,REG_BIT=5)' is ignored due to previous errors [V:/SoC_Design/RTL/core/inst_decoder.sv:2]
ERROR: [VRFC 10-8530] module 'ctr_unit(DATA_BIT=32,OPCODE_BIT=6)' is ignored due to previous errors [V:/SoC_Design/RTL/core/ctr_unit.sv:6]
ERROR: [VRFC 10-8530] module 'mux21(DATA_BIT=5)' is ignored due to previous errors [V:/SoC_Design/RTL/core/mux.sv:2]
ERROR: [VRFC 10-8530] module 'registers(DATA_BIT=32,REG_BIT=5)' is ignored due to previous errors [V:/SoC_Design/RTL/core/registers.sv:2]
ERROR: [VRFC 10-8530] module 'id_ex(ADDR_BIT=12)' is ignored due to previous errors [V:/SoC_Design/RTL/core/bridge.sv:39]
ERROR: [VRFC 10-8530] module 'alu(DATA_BIT=32)' is ignored due to previous errors [V:/SoC_Design/RTL/core/alu.sv:3]
ERROR: [VRFC 10-8530] module 'mul_div_unit(DATA_BIT=32)' is ignored due to previous errors [V:/SoC_Design/RTL/core/mul_div_unit.sv:3]
ERROR: [VRFC 10-8530] module 'ex_mem(ADDR_BIT=12,DATA_BIT=32)' is ignored due to previous errors [V:/SoC_Design/RTL/core/bridge.sv:135]
ERROR: [VRFC 10-8530] module 'mem_wb(ADDR_BIT=12)' is ignored due to previous errors [V:/SoC_Design/RTL/core/bridge.sv:185]
ERROR: [XSIM 43-3322] Static elaboration of top level Verilog design unit(s) in library work failed.
INFO: [USF-XSim-69] 'elaborate' step finished in '3' seconds
INFO: [USF-XSim-99] Step results log file:'V:/SoC_Design/SoC_Design/SoC_Design.sim/sim_1/behav/xsim/elaborate.log'
ERROR: [USF-XSim-62] 'elaborate' step failed with error(s). Please check the Tcl console output or 'V:/SoC_Design/SoC_Design/SoC_Design.sim/sim_1/behav/xsim/elaborate.log' file for more information.
ERROR: [Vivado 12-4473] Detected error while running simulation. Please correct the issue and retry this operation.
launch_simulation: Time (s): cpu = 00:00:01 ; elapsed = 00:00:05 . Memory (MB): peak = 1597.516 ; gain = 11.543
ERROR: [Common 17-39] 'launch_simulation' failed due to earlier errors.
launch_simulation
Command: launch_simulation 
INFO: [Vivado 12-12493] Simulation top is 'tb_top_cpu'
WARNING: [Vivado 12-13340] Unable to auto find GCC executables from simulator install path! (path not set)
INFO: [Vivado 12-5682] Launching behavioral simulation in 'V:/SoC_Design/SoC_Design/SoC_Design.sim/sim_1/behav/xsim'
INFO: [SIM-utils-51] Simulation object is 'sim_1'
INFO: [SIM-utils-72] Using boost library from 'C:/Xilinx/Vivado/2023.2/tps/boost_1_72_0'
INFO: [SIM-utils-54] Inspecting design source files for 'tb_top_cpu' in fileset 'sim_1'...
INFO: [USF-XSim-97] Finding global include files...
INFO: [USF-XSim-98] Fetching design files from 'sim_1'...
INFO: [USF-XSim-2] XSim::Compile design
INFO: [USF-XSim-61] Executing 'COMPILE and ANALYZE' step in 'V:/SoC_Design/SoC_Design/SoC_Design.sim/sim_1/behav/xsim'
"xvlog --incr --relax -L uvm -prj tb_top_cpu_vlog.prj"
INFO: [VRFC 10-2263] Analyzing SystemVerilog file "V:/SoC_Design/RTL/memory/DRAM.sv" into library xil_defaultlib
INFO: [VRFC 10-311] analyzing module DRAM
INFO: [VRFC 10-2263] Analyzing SystemVerilog file "V:/SoC_Design/RTL/core/adder.sv" into library xil_defaultlib
INFO: [VRFC 10-311] analyzing module adder21
INFO: [VRFC 10-2263] Analyzing SystemVerilog file "V:/SoC_Design/RTL/core/alu.sv" into library xil_defaultlib
INFO: [VRFC 10-311] analyzing module alu
INFO: [VRFC 10-2263] Analyzing SystemVerilog file "V:/SoC_Design/RTL/core/alu_ctr.sv" into library xil_defaultlib
INFO: [VRFC 10-311] analyzing module alu_ctr
INFO: [VRFC 10-2263] Analyzing SystemVerilog file "V:/SoC_Design/RTL/core/bridge.sv" into library xil_defaultlib
INFO: [VRFC 10-311] analyzing module if_id
INFO: [VRFC 10-311] analyzing module id_ex
INFO: [VRFC 10-311] analyzing module ex_mem
INFO: [VRFC 10-311] analyzing module mem_wb
INFO: [VRFC 10-2263] Analyzing SystemVerilog file "V:/SoC_Design/RTL/core/ctr_unit.sv" into library xil_defaultlib
INFO: [VRFC 10-311] analyzing module ctr_unit
INFO: [VRFC 10-2263] Analyzing SystemVerilog file "V:/SoC_Design/RTL/core/inst_decoder.sv" into library xil_defaultlib
INFO: [VRFC 10-311] analyzing module inst_decoder
INFO: [VRFC 10-2263] Analyzing SystemVerilog file "V:/SoC_Design/RTL/core/mul_div_unit.sv" into library xil_defaultlib
INFO: [VRFC 10-311] analyzing module mul_div_unit
INFO: [VRFC 10-2263] Analyzing SystemVerilog file "V:/SoC_Design/RTL/core/mux.sv" into library xil_defaultlib
INFO: [VRFC 10-311] analyzing module mux21
INFO: [VRFC 10-2263] Analyzing SystemVerilog file "V:/SoC_Design/RTL/core/pc.sv" into library xil_defaultlib
INFO: [VRFC 10-311] analyzing module pc
INFO: [VRFC 10-2263] Analyzing SystemVerilog file "V:/SoC_Design/RTL/core/registers.sv" into library xil_defaultlib
INFO: [VRFC 10-311] analyzing module registers
INFO: [VRFC 10-2263] Analyzing SystemVerilog file "V:/SoC_Design/RTL/core/shift_left.sv" into library xil_defaultlib
INFO: [VRFC 10-311] analyzing module shift_left
INFO: [VRFC 10-2263] Analyzing SystemVerilog file "V:/SoC_Design/RTL/core/sign_extend.sv" into library xil_defaultlib
INFO: [VRFC 10-311] analyzing module sign_extend
INFO: [VRFC 10-2263] Analyzing SystemVerilog file "V:/SoC_Design/RTL/core/top_cpu.sv" into library xil_defaultlib
INFO: [VRFC 10-311] analyzing module top_cpu
INFO: [VRFC 10-2263] Analyzing SystemVerilog file "V:/SoC_Design/SIM/tb_top_cpu.sv" into library xil_defaultlib
INFO: [VRFC 10-311] analyzing module tb_top_cpu
INFO: [USF-XSim-69] 'compile' step finished in '2' seconds
INFO: [USF-XSim-3] XSim::Elaborate design
INFO: [USF-XSim-61] Executing 'ELABORATE' step in 'V:/SoC_Design/SoC_Design/SoC_Design.sim/sim_1/behav/xsim'
"xelab --incr --debug typical --relax --mt 2 -L xil_defaultlib -L uvm -L unisims_ver -L unimacro_ver -L secureip --snapshot tb_top_cpu_behav xil_defaultlib.tb_top_cpu xil_defaultlib.glbl -log elaborate.log"
Vivado Simulator v2023.2
Copyright 1986-2022 Xilinx, Inc. All Rights Reserved.
Copyright 2022-2023 Advanced Micro Devices, Inc. All Rights Reserved.
Running: C:/Xilinx/Vivado/2023.2/bin/unwrapped/win64.o/xelab.exe --incr --debug typical --relax --mt 2 -L xil_defaultlib -L uvm -L unisims_ver -L unimacro_ver -L secureip --snapshot tb_top_cpu_behav xil_defaultlib.tb_top_cpu xil_defaultlib.glbl -log elaborate.log 
Using 2 slave threads.
Starting static elaboration
Pass Through NonSizing Optimizer
Completed static elaboration
Starting simulation data flow analysis
Completed simulation data flow analysis
Time Resolution for simulation is 1ps
Compiling module xil_defaultlib.pc(ADDR_BIT=12)
Compiling module xil_defaultlib.adder21(ADDR_BIT=12)
Compiling module xil_defaultlib.if_id(ADDR_BIT=12)
Compiling module xil_defaultlib.shift_left(ADDR_BIT=26)
Compiling module xil_defaultlib.inst_decoder(DATA_BIT=32,OPCODE_...
Compiling module xil_defaultlib.ctr_unit(DATA_BIT=32,OPCODE_BIT=...
Compiling module xil_defaultlib.mux21(DATA_BIT=5)
Compiling module xil_defaultlib.registers(DATA_BIT=32,REG_BIT=5)
Compiling module xil_defaultlib.sign_extend
Compiling module xil_defaultlib.id_ex(ADDR_BIT=12)
Compiling module xil_defaultlib.shift_left(ADDR_BIT=32)
Compiling module xil_defaultlib.adder21(ADDR_BIT=32)
Compiling module xil_defaultlib.mux21(DATA_BIT=12)
Compiling module xil_defaultlib.alu_ctr
Compiling module xil_defaultlib.mux21(DATA_BIT=32)
Compiling module xil_defaultlib.alu(DATA_BIT=32)
Compiling module xil_defaultlib.mul_div_unit(DATA_BIT=32)
Compiling module xil_defaultlib.ex_mem(ADDR_BIT=12,DATA_BIT=32)
Compiling module xil_defaultlib.mem_wb(ADDR_BIT=12)
Compiling module xil_defaultlib.top_cpu(ADDR_BIT=12)
Compiling module xil_defaultlib.DRAM(ADDR_SIZE=12)
Compiling module xil_defaultlib.tb_top_cpu
Compiling module xil_defaultlib.glbl
Built simulation snapshot tb_top_cpu_behav
INFO: [USF-XSim-69] 'elaborate' step finished in '4' seconds
INFO: [USF-XSim-4] XSim::Simulate design
INFO: [USF-XSim-61] Executing 'SIMULATE' step in 'V:/SoC_Design/SoC_Design/SoC_Design.sim/sim_1/behav/xsim'
INFO: [USF-XSim-98] *** Running xsim
   with args "tb_top_cpu_behav -key {Behavioral:sim_1:Functional:tb_top_cpu} -tclbatch {tb_top_cpu.tcl} -view {V:/SoC_Design/SoC_Design/CPU_TOP_tb_behav.wcfg} -log {simulate.log}"
INFO: [USF-XSim-8] Loading simulator feature
Time resolution is 1 ps
open_wave_config V:/SoC_Design/SoC_Design/CPU_TOP_tb_behav.wcfg
WARNING: Simulation object /tb_top_cpu/u_cpu_top/u_alu/clk was not found in the design.
WARNING: Simulation object /tb_top_cpu/u_cpu_top/u_alu/rst_n was not found in the design.
source tb_top_cpu.tcl
# set curr_wave [current_wave_config]
# if { [string length $curr_wave] == 0 } {
#   if { [llength [get_objects]] > 0} {
#     add_wave /
#     set_property needs_save false [current_wave_config]
#   } else {
#      send_msg_id Add_Wave-1 WARNING "No top level signals found. Simulator will start without a wave window. If you want to open a wave window go to 'File->New Waveform Configuration' or type 'create_wave_config' in the TCL console."
#   }
# }
# run 1000ns
WARNING: File V:\SoC_Design\SIM\test_case\temp_hex.txt referenced from process on V:/SoC_Design/SIM/tb_top_cpu.sv at line 23 cannot be opened for reading. Please ensure that this file is available in the current working directory or parent directory of xsim.dir location specified via -xsimdir switch.
INFO: [USF-XSim-96] XSim completed. Design snapshot 'tb_top_cpu_behav' loaded.
INFO: [USF-XSim-97] XSim simulation ran for 1000ns
launch_simulation: Time (s): cpu = 00:00:05 ; elapsed = 00:00:10 . Memory (MB): peak = 1647.406 ; gain = 49.891
restart
INFO: [Wavedata 42-604] Simulation restarted
run 10 us
WARNING: File V:\SoC_Design\SIM\test_case\temp_hex.txt referenced from process on V:/SoC_Design/SIM/tb_top_cpu.sv at line 23 cannot be opened for reading. Please ensure that this file is available in the current working directory or parent directory of xsim.dir location specified via -xsimdir switch.
$finish called at time : 1020 ns : File "V:/SoC_Design/SIM/tb_top_cpu.sv" Line 49
relaunch_sim
Command: launch_simulation -step compile -simset sim_1 -mode behavioral
INFO: [Vivado 12-12493] Simulation top is 'tb_top_cpu'
WARNING: [Vivado 12-13340] Unable to auto find GCC executables from simulator install path! (path not set)
INFO: [Vivado 12-5682] Launching behavioral simulation in 'V:/SoC_Design/SoC_Design/SoC_Design.sim/sim_1/behav/xsim'
INFO: [SIM-utils-51] Simulation object is 'sim_1'
INFO: [SIM-utils-72] Using boost library from 'C:/Xilinx/Vivado/2023.2/tps/boost_1_72_0'
INFO: [SIM-utils-54] Inspecting design source files for 'tb_top_cpu' in fileset 'sim_1'...
INFO: [USF-XSim-97] Finding global include files...
INFO: [USF-XSim-98] Fetching design files from 'sim_1'...
INFO: [USF-XSim-2] XSim::Compile design
INFO: [USF-XSim-61] Executing 'COMPILE and ANALYZE' step in 'V:/SoC_Design/SoC_Design/SoC_Design.sim/sim_1/behav/xsim'
"xvlog --incr --relax -L uvm -prj tb_top_cpu_vlog.prj"
INFO: [VRFC 10-2263] Analyzing SystemVerilog file "V:/SoC_Design/RTL/memory/DRAM.sv" into library xil_defaultlib
INFO: [VRFC 10-311] analyzing module DRAM
INFO: [VRFC 10-2263] Analyzing SystemVerilog file "V:/SoC_Design/RTL/core/adder.sv" into library xil_defaultlib
INFO: [VRFC 10-311] analyzing module adder21
INFO: [VRFC 10-2263] Analyzing SystemVerilog file "V:/SoC_Design/RTL/core/alu.sv" into library xil_defaultlib
INFO: [VRFC 10-311] analyzing module alu
INFO: [VRFC 10-2263] Analyzing SystemVerilog file "V:/SoC_Design/RTL/core/alu_ctr.sv" into library xil_defaultlib
INFO: [VRFC 10-311] analyzing module alu_ctr
INFO: [VRFC 10-2263] Analyzing SystemVerilog file "V:/SoC_Design/RTL/core/bridge.sv" into library xil_defaultlib
INFO: [VRFC 10-311] analyzing module if_id
INFO: [VRFC 10-311] analyzing module id_ex
INFO: [VRFC 10-311] analyzing module ex_mem
INFO: [VRFC 10-311] analyzing module mem_wb
INFO: [VRFC 10-2263] Analyzing SystemVerilog file "V:/SoC_Design/RTL/core/ctr_unit.sv" into library xil_defaultlib
INFO: [VRFC 10-311] analyzing module ctr_unit
INFO: [VRFC 10-2263] Analyzing SystemVerilog file "V:/SoC_Design/RTL/core/inst_decoder.sv" into library xil_defaultlib
INFO: [VRFC 10-311] analyzing module inst_decoder
INFO: [VRFC 10-2263] Analyzing SystemVerilog file "V:/SoC_Design/RTL/core/mul_div_unit.sv" into library xil_defaultlib
INFO: [VRFC 10-311] analyzing module mul_div_unit
INFO: [VRFC 10-2263] Analyzing SystemVerilog file "V:/SoC_Design/RTL/core/mux.sv" into library xil_defaultlib
INFO: [VRFC 10-311] analyzing module mux21
INFO: [VRFC 10-2263] Analyzing SystemVerilog file "V:/SoC_Design/RTL/core/pc.sv" into library xil_defaultlib
INFO: [VRFC 10-311] analyzing module pc
INFO: [VRFC 10-2263] Analyzing SystemVerilog file "V:/SoC_Design/RTL/core/registers.sv" into library xil_defaultlib
INFO: [VRFC 10-311] analyzing module registers
INFO: [VRFC 10-2263] Analyzing SystemVerilog file "V:/SoC_Design/RTL/core/shift_left.sv" into library xil_defaultlib
INFO: [VRFC 10-311] analyzing module shift_left
INFO: [VRFC 10-2263] Analyzing SystemVerilog file "V:/SoC_Design/RTL/core/sign_extend.sv" into library xil_defaultlib
INFO: [VRFC 10-311] analyzing module sign_extend
INFO: [VRFC 10-2263] Analyzing SystemVerilog file "V:/SoC_Design/RTL/core/top_cpu.sv" into library xil_defaultlib
INFO: [VRFC 10-311] analyzing module top_cpu
INFO: [VRFC 10-2263] Analyzing SystemVerilog file "V:/SoC_Design/SIM/tb_top_cpu.sv" into library xil_defaultlib
INFO: [VRFC 10-311] analyzing module tb_top_cpu
INFO: [USF-XSim-69] 'compile' step finished in '2' seconds
Command: launch_simulation -step elaborate -simset sim_1 -mode behavioral
INFO: [Vivado 12-12493] Simulation top is 'tb_top_cpu'
WARNING: [Vivado 12-13340] Unable to auto find GCC executables from simulator install path! (path not set)
INFO: [Vivado 12-5682] Launching behavioral simulation in 'V:/SoC_Design/SoC_Design/SoC_Design.sim/sim_1/behav/xsim'
INFO: [SIM-utils-51] Simulation object is 'sim_1'
INFO: [USF-XSim-3] XSim::Elaborate design
INFO: [USF-XSim-61] Executing 'ELABORATE' step in 'V:/SoC_Design/SoC_Design/SoC_Design.sim/sim_1/behav/xsim'
"xelab --incr --debug typical --relax --mt 2 -L xil_defaultlib -L uvm -L unisims_ver -L unimacro_ver -L secureip --snapshot tb_top_cpu_behav xil_defaultlib.tb_top_cpu xil_defaultlib.glbl -log elaborate.log"
Vivado Simulator v2023.2
Copyright 1986-2022 Xilinx, Inc. All Rights Reserved.
Copyright 2022-2023 Advanced Micro Devices, Inc. All Rights Reserved.
Running: C:/Xilinx/Vivado/2023.2/bin/unwrapped/win64.o/xelab.exe --incr --debug typical --relax --mt 2 -L xil_defaultlib -L uvm -L unisims_ver -L unimacro_ver -L secureip --snapshot tb_top_cpu_behav xil_defaultlib.tb_top_cpu xil_defaultlib.glbl -log elaborate.log 
Using 2 slave threads.
Starting static elaboration
Pass Through NonSizing Optimizer
Completed static elaboration
Starting simulation data flow analysis
Completed simulation data flow analysis
Time Resolution for simulation is 1ps
Compiling module xil_defaultlib.pc(ADDR_BIT=12)
Compiling module xil_defaultlib.adder21(ADDR_BIT=12)
Compiling module xil_defaultlib.if_id(ADDR_BIT=12)
Compiling module xil_defaultlib.shift_left(ADDR_BIT=26)
Compiling module xil_defaultlib.inst_decoder(DATA_BIT=32,OPCODE_...
Compiling module xil_defaultlib.ctr_unit(DATA_BIT=32,OPCODE_BIT=...
Compiling module xil_defaultlib.mux21(DATA_BIT=5)
Compiling module xil_defaultlib.registers(DATA_BIT=32,REG_BIT=5)
Compiling module xil_defaultlib.sign_extend
Compiling module xil_defaultlib.id_ex(ADDR_BIT=12)
Compiling module xil_defaultlib.shift_left(ADDR_BIT=32)
Compiling module xil_defaultlib.adder21(ADDR_BIT=32)
Compiling module xil_defaultlib.mux21(DATA_BIT=12)
Compiling module xil_defaultlib.alu_ctr
Compiling module xil_defaultlib.mux21(DATA_BIT=32)
Compiling module xil_defaultlib.alu(DATA_BIT=32)
Compiling module xil_defaultlib.mul_div_unit(DATA_BIT=32)
Compiling module xil_defaultlib.ex_mem(ADDR_BIT=12,DATA_BIT=32)
Compiling module xil_defaultlib.mem_wb(ADDR_BIT=12)
Compiling module xil_defaultlib.top_cpu(ADDR_BIT=12)
Compiling module xil_defaultlib.DRAM(ADDR_SIZE=12)
Compiling module xil_defaultlib.tb_top_cpu
Compiling module xil_defaultlib.glbl
Built simulation snapshot tb_top_cpu_behav
INFO: [USF-XSim-69] 'elaborate' step finished in '3' seconds
Time resolution is 1 ps
relaunch_sim: Time (s): cpu = 00:00:02 ; elapsed = 00:00:08 . Memory (MB): peak = 1677.812 ; gain = 0.000
save_wave_config {V:/SoC_Design/SoC_Design/CPU_TOP_tb_behav.wcfg}
close_sim
INFO: [Simtcl 6-16] Simulation closed
exit
INFO: [Common 17-206] Exiting Vivado at Tue Apr 28 23:38:48 2026...
